ARM Linker, 5.02 [Build 28] [MDK-ARM Lite]

==============================================================================

Section Cross References

    startup_lpc17xx.o(RESET) refers to startup_lpc17xx.o(STACK) for __initial_sp
    startup_lpc17xx.o(RESET) refers to startup_lpc17xx.o(.text) for Reset_Handler
    startup_lpc17xx.o(RESET) refers to hal_cm3.o(.emb_text) for SVC_Handler
    startup_lpc17xx.o(RESET) refers to adc.o(.text) for ADC_IRQHandler
    startup_lpc17xx.o(.text) refers to system_lpc17xx.o(.text) for SystemInit
    startup_lpc17xx.o(.text) refers to entry.o(.ARM.Collect$$$$00000000) for __main
    system_lpc17xx.o(.text) refers to uldiv.o(.text) for __aeabi_uldivmod
    system_lpc17xx.o(.text) refers to system_lpc17xx.o(.data) for SystemCoreClock
    glcd_spi_lpc1700.o(.text) refers to glcd_spi_lpc1700.o(.data) for Himax
    glcd_spi_lpc1700.o(.text) refers to glcd_spi_lpc1700.o(.constdata) for Font_6x8_h
    retarget.o(.text) refers to serial.o(.text) for SER_PutChar
    led.o(.text) refers to led.o(.constdata) for led_mask
    blinky.o(.text) refers to dfixui.o(.text) for __aeabi_d2uiz
    blinky.o(.text) refers to glcd_spi_lpc1700.o(.text) for GLCD_Bitmap
    blinky.o(.text) refers to dadd.o(.text) for __aeabi_dadd
    blinky.o(.text) refers to cdrcmple.o(.text) for __aeabi_cdrcmple
    blinky.o(.text) refers to cdcmple.o(.text) for __aeabi_cdcmple
    blinky.o(.text) refers to blinky.o(.bss) for mut_GLCD
    blinky.o(.text) refers to rt_mutex.o(i.rt_mut_wait) for rt_mut_wait
    blinky.o(.text) refers to blinky.o(.data) for y1
    blinky.o(.text) refers to rt_mutex.o(i.rt_mut_release) for rt_mut_release
    blinky.o(.text) refers to rt_time.o(i.rt_dly_wait) for rt_dly_wait
    blinky.o(.text) refers to dflti.o(.text) for __aeabi_i2d
    blinky.o(.text) refers to led.o(.text) for LED_Out
    blinky.o(.text) refers to rt_task.o(i.rt_tsk_delete) for rt_tsk_delete
    blinky.o(.text) refers to kbd.o(.text) for INT0_Get
    blinky.o(.text) refers to dfltui.o(.text) for __aeabi_ui2d
    blinky.o(.text) refers to dfixi.o(.text) for __aeabi_d2iz
    blinky.o(.text) refers to printf1.o(i.__0sprintf$1) for __2sprintf
    blinky.o(.text) refers to rt_time.o(i.rt_time_get) for rt_time_get
    blinky.o(.text) refers to system_lpc17xx.o(.text) for SystemInit
    blinky.o(.text) refers to serial.o(.text) for SER_Init
    blinky.o(.text) refers to adc.o(.text) for ADC_Init
    blinky.o(.text) refers to hal_cm3.o(.emb_text) for os_set_env
    blinky.o(.text) refers to rt_mutex.o(i.rt_mut_init) for rt_mut_init
    blinky.o(.text) refers to rt_task.o(i.rt_tsk_prio) for rt_tsk_prio
    blinky.o(.text) refers to rt_task.o(i.rt_tsk_create) for rt_tsk_create
    blinky.o(.text) refers to rt_task.o(i.rt_sys_init) for rt_sys_init
    adc.o(.text) refers to adc.o(.data) for AD_last
    rt_task.o(i.rt_block) refers to rt_list.o(i.rt_put_dly) for rt_put_dly
    rt_task.o(i.rt_block) refers to rt_list.o(i.rt_get_first) for rt_get_first
    rt_task.o(i.rt_block) refers to rt_task.o(i.rt_switch_req) for rt_switch_req
    rt_task.o(i.rt_block) refers to rt_task.o(.data) for .data
    rt_task.o(i.rt_block) refers to rt_list.o(.bss) for os_rdy
    rt_task.o(i.rt_dispatch) refers to rt_list.o(i.rt_put_rdy_first) for rt_put_rdy_first
    rt_task.o(i.rt_dispatch) refers to rt_task.o(i.rt_switch_req) for rt_switch_req
    rt_task.o(i.rt_dispatch) refers to rt_list.o(i.rt_get_first) for rt_get_first
    rt_task.o(i.rt_dispatch) refers to rt_list.o(i.rt_put_prio) for rt_put_prio
    rt_task.o(i.rt_dispatch) refers to rt_task.o(.data) for .data
    rt_task.o(i.rt_dispatch) refers to rt_list.o(.bss) for os_rdy
    rt_task.o(i.rt_init_context) refers to rt_membox.o(i.rt_alloc_box) for rt_alloc_box
    rt_task.o(i.rt_init_context) refers to hal_cm3.o(i.rt_init_stack) for rt_init_stack
    rt_task.o(i.rt_init_context) refers to rtx_conf_cm.o(.bss) for mp_stk
    rt_task.o(i.rt_switch_req) refers to hal_cm3.o(i.dbg_task_switch) for dbg_task_switch
    rt_task.o(i.rt_switch_req) refers to rt_task.o(.data) for .data
    rt_task.o(i.rt_switch_req) refers to hal_cm3.o(.data) for dbg_msg
    rt_task.o(i.rt_sys_init) refers to hal_cm3.o(i.dbg_init) for dbg_init
    rt_task.o(i.rt_sys_init) refers to rt_membox.o(i._init_box) for _init_box
    rt_task.o(i.rt_sys_init) refers to rt_task.o(i.rt_init_context) for rt_init_context
    rt_task.o(i.rt_sys_init) refers to hal_cm3.o(.emb_text) for rt_set_PSP
    rt_task.o(i.rt_sys_init) refers to rt_robin.o(i.rt_init_robin) for rt_init_robin
    rt_task.o(i.rt_sys_init) refers to rt_system.o(i.os_tick_init) for os_tick_init
    rt_task.o(i.rt_sys_init) refers to rt_task.o(i.rt_tsk_create) for rt_tsk_create
    rt_task.o(i.rt_sys_init) refers to rtx_conf_cm.o(.bss) for os_active_TCB
    rt_task.o(i.rt_sys_init) refers to rtx_conf_cm.o(.constdata) for os_maxtaskrun
[...]
    rt_event.o(i.rt_evt_psh) refers to rt_list.o(i.rt_put_prio) for rt_put_prio
    rt_event.o(i.rt_evt_psh) refers to rt_list.o(.bss) for os_rdy
    rt_event.o(i.rt_evt_set) refers to rt_list.o(i.rt_rmv_dly) for rt_rmv_dly
    rt_event.o(i.rt_evt_set) refers to rt_task.o(i.rt_dispatch) for rt_dispatch
    rt_event.o(i.rt_evt_set) refers to rtx_conf_cm.o(.bss) for os_active_TCB
    rt_event.o(i.rt_evt_wait) refers to rt_task.o(i.rt_block) for rt_block
    rt_event.o(i.rt_evt_wait) refers to rt_task.o(.data) for os_tsk
    rt_mailbox.o(i.isr_mbx_receive) refers to rt_list.o(i.rt_psq_enq) for rt_psq_enq
    rt_mailbox.o(i.isr_mbx_receive) refers to rt_system.o(i.rt_psh_req) for rt_psh_req
    rt_mailbox.o(i.isr_mbx_send) refers to rt_list.o(i.rt_psq_enq) for rt_psq_enq
    rt_mailbox.o(i.isr_mbx_send) refers to rt_system.o(i.rt_psh_req) for rt_psh_req
    rt_mailbox.o(i.rt_mbx_psh) refers to rt_list.o(i.rt_get_first) for rt_get_first
    rt_mailbox.o(i.rt_mbx_psh) refers to rt_list.o(i.rt_rmv_dly) for rt_rmv_dly
    rt_mailbox.o(i.rt_mbx_psh) refers to rt_list.o(i.rt_put_prio) for rt_put_prio
    rt_mailbox.o(i.rt_mbx_psh) refers to rtx_conf_cm.o(.text) for os_error
    rt_mailbox.o(i.rt_mbx_psh) refers to rt_list.o(.bss) for os_rdy
    rt_mailbox.o(i.rt_mbx_send) refers to rt_list.o(i.rt_put_prio) for rt_put_prio
    rt_mailbox.o(i.rt_mbx_send) refers to rt_list.o(i.rt_get_first) for rt_get_first
    rt_mailbox.o(i.rt_mbx_send) refers to rt_list.o(i.rt_rmv_dly) for rt_rmv_dly
    rt_mailbox.o(i.rt_mbx_send) refers to rt_task.o(i.rt_dispatch) for rt_dispatch
    rt_mailbox.o(i.rt_mbx_send) refers to rt_task.o(i.rt_block) for rt_block
    rt_mailbox.o(i.rt_mbx_send) refers to rt_task.o(.data) for os_tsk
    rt_mailbox.o(i.rt_mbx_wait) refers to rt_list.o(i.rt_get_first) for rt_get_first
    rt_mailbox.o(i.rt_mbx_wait) refers to rt_list.o(i.rt_rmv_dly) for rt_rmv_dly
    rt_mailbox.o(i.rt_mbx_wait) refers to rt_task.o(i.rt_dispatch) for rt_dispatch
    rt_mailbox.o(i.rt_mbx_wait) refers to rt_list.o(i.rt_put_prio) for rt_put_prio
    rt_mailbox.o(i.rt_mbx_wait) refers to rt_task.o(i.rt_block) for rt_block
    rt_mailbox.o(i.rt_mbx_wait) refers to rt_task.o(.data) for os_tsk
    rt_semaphore.o(i.isr_sem_send) refers to rt_list.o(i.rt_psq_enq) for rt_psq_enq
    rt_semaphore.o(i.isr_sem_send) refers to rt_system.o(i.rt_psh_req) for rt_psh_req
    rt_semaphore.o(i.rt_sem_psh) refers to rt_list.o(i.rt_get_first) for rt_get_first
    rt_semaphore.o(i.rt_sem_psh) refers to rt_list.o(i.rt_rmv_dly) for rt_rmv_dly
    rt_semaphore.o(i.rt_sem_psh) refers to rt_list.o(i.rt_put_prio) for rt_put_prio
    rt_semaphore.o(i.rt_sem_psh) refers to rt_list.o(.bss) for os_rdy
    rt_semaphore.o(i.rt_sem_send) refers to rt_list.o(i.rt_get_first) for rt_get_first
    rt_semaphore.o(i.rt_sem_send) refers to rt_list.o(i.rt_rmv_dly) for rt_rmv_dly
    rt_semaphore.o(i.rt_sem_send) refers to rt_task.o(i.rt_dispatch) for rt_dispatch
    rt_semaphore.o(i.rt_sem_send) refers to rt_task.o(.data) for os_tsk
    rt_semaphore.o(i.rt_sem_wait) refers to rt_list.o(i.rt_put_prio) for rt_put_prio
    rt_semaphore.o(i.rt_sem_wait) refers to rt_task.o(i.rt_block) for rt_block
    rt_semaphore.o(i.rt_sem_wait) refers to rt_task.o(.data) for os_tsk
    rt_timer.o(i.rt_tmr_create) refers to rt_membox.o(i.rt_alloc_box) for rt_alloc_box
    rt_timer.o(i.rt_tmr_create) refers to rtx_conf_cm.o(.data) for m_tmr
    rt_timer.o(i.rt_tmr_create) refers to rt_timer.o(.data) for .data
    rt_timer.o(i.rt_tmr_kill) refers to rt_membox.o(i.rt_free_box) for rt_free_box
    rt_timer.o(i.rt_tmr_kill) refers to rt_timer.o(.data) for .data
    rt_timer.o(i.rt_tmr_kill) refers to rtx_conf_cm.o(.data) for m_tmr
    rt_timer.o(i.rt_tmr_tick) refers to rtx_conf_cm.o(.text) for os_tmr_call
    rt_timer.o(i.rt_tmr_tick) refers to rt_membox.o(i.rt_free_box) for rt_free_box
    rt_timer.o(i.rt_tmr_tick) refers to rt_timer.o(.data) for .data
    rt_timer.o(i.rt_tmr_tick) refers to rtx_conf_cm.o(.data) for m_tmr
    entry.o(.ARM.Collect$$$$00000000) refers (Special) to entry7b.o(.ARM.Collect$$$$00000008) for _main_clock
    entry.o(.ARM.Collect$$$$00000000) refers (Special) to entry8.o(.ARM.Collect$$$$00000009) for _main_init
    entry.o(.ARM.Collect$$$$00000000) refers (Special) to entry5.o(.ARM.Collect$$$$00000004) for _main_scatterload
    entry.o(.ARM.Collect$$$$00000000) refers (Special) to entry2.o(.ARM.Collect$$$$00000001) for _main_stk
    uldiv.o(.text) refers to llushr.o(.text) for __aeabi_llsr
    uldiv.o(.text) refers to llshl.o(.text) for __aeabi_llsl
    printfb.o(i.__0fprintf$bare) refers to printfb.o(i._printf_core) for _printf_core
    printfb.o(i.__0fprintf$bare) refers to retarget.o(.text) for fputc
    printfb.o(i.__0printf$bare) refers to printfb.o(i._printf_core) for _printf_core
    printfb.o(i.__0printf$bare) refers to retarget.o(.text) for fputc
    printfb.o(i.__0printf$bare) refers to retarget.o(.data) for __stdout
    printfb.o(i.__0snprintf$bare) refers to printfb.o(i._printf_core) for _printf_core
    printfb.o(i.__0snprintf$bare) refers to printfb.o(i._snputc) for _snputc
    printfb.o(i.__0sprintf$bare) refers to printfb.o(i._printf_core) for _printf_core
    printfb.o(i.__0sprintf$bare) refers to printfb.o(i._sputc) for _sputc
    printfb.o(i.__0vfprintf$bare) refers to printfb.o(i._printf_core) for _printf_core
    printfb.o(i.__0vfprintf$bare) refers to retarget.o(.text) for fputc
    printfb.o(i.__0vprintf$bare) refers to printfb.o(i._printf_core) for _printf_core
    printfb.o(i.__0vprintf$bare) refers to retarget.o(.text) for fputc
    printfb.o(i.__0vprintf$bare) refers to retarget.o(.data) for __stdout
    printfb.o(i.__0vsnprintf$bare) refers to printfb.o(i._printf_core) for _printf_core
    printfb.o(i.__0vsnprintf$bare) refers to printfb.o(i._snputc) for _snputc
    printfb.o(i.__0vsprintf$bare) refers to printfb.o(i._printf_core) for _printf_core
    printfb.o(i.__0vsprintf$bare) refers to printfb.o(i._sputc) for _sputc
    printf0.o(i.__0fprintf$0) refers to printf0.o(i._printf_core) for _printf_core
    printf0.o(i.__0fprintf$0) refers to retarget.o(.text) for fputc
    printf0.o(i.__0printf$0) refers to printf0.o(i._printf_core) for _printf_core
    printf0.o(i.__0printf$0) refers to retarget.o(.text) for fputc
    printf0.o(i.__0printf$0) refers to retarget.o(.data) for __stdout
    printf0.o(i.__0snprintf$0) refers to printf0.o(i._printf_core) for _printf_core
    printf0.o(i.__0snprintf$0) refers to printf0.o(i._snputc) for _snputc
    printf0.o(i.__0sprintf$0) refers to printf0.o(i._printf_core) for _printf_core
    printf0.o(i.__0sprintf$0) refers to printf0.o(i._sputc) for _sputc
    printf0.o(i.__0vfprintf$0) refers to printf0.o(i._printf_core) for _printf_core
    printf0.o(i.__0vfprintf$0) refers to retarget.o(.text) for fputc
    printf0.o(i.__0vprintf$0) refers to printf0.o(i._printf_core) for _printf_core
    printf0.o(i.__0vprintf$0) refers to retarget.o(.text) for fputc
    printf0.o(i.__0vprintf$0) refers to retarget.o(.data) for __stdout
    printf0.o(i.__0vsnprintf$0) refers to printf0.o(i._printf_core) for _printf_core
    printf0.o(i.__0vsnprintf$0) refers to printf0.o(i._snputc) for _snputc
    printf0.o(i.__0vsprintf$0) refers to printf0.o(i._printf_core) for _printf_core
    printf0.o(i.__0vsprintf$0) refers to printf0.o(i._sputc) for _sputc
    printf1.o(i.__0fprintf$1) refers to printf1.o(i._printf_core) for _printf_core
    printf1.o(i.__0fprintf$1) refers to retarget.o(.text) for fputc
    printf1.o(i.__0printf$1) refers to printf1.o(i._printf_core) for _printf_core
    printf1.o(i.__0printf$1) refers to retarget.o(.text) for fputc
    printf1.o(i.__0printf$1) refers to retarget.o(.data) for __stdout
    printf1.o(i.__0snprintf$1) refers to printf1.o(i._printf_core) for _printf_core
    printf1.o(i.__0snprintf$1) refers to printf1.o(i._snputc) for _snputc
    printf1.o(i.__0sprintf$1) refers to printf1.o(i._printf_core) for _printf_core
    printf1.o(i.__0sprintf$1) refers to printf1.o(i._sputc) for _sputc
    printf1.o(i.__0vfprintf$1) refers to printf1.o(i._printf_core) for _printf_core
    printf1.o(i.__0vfprintf$1) refers to retarget.o(.text) for fputc
    printf1.o(i.__0vprintf$1) refers to printf1.o(i._printf_core) for _printf_core
    printf1.o(i.__0vprintf$1) refers to retarget.o(.text) for fputc
    printf1.o(i.__0vprintf$1) refers to retarget.o(.data) for __stdout
    printf1.o(i.__0vsnprintf$1) refers to printf1.o(i._printf_core) for _printf_core
    printf1.o(i.__0vsnprintf$1) refers to printf1.o(i._snputc) for _snputc
    printf1.o(i.__0vsprintf$1) refers to printf1.o(i._printf_core) for _printf_core
    printf1.o(i.__0vsprintf$1) refers to printf1.o(i._sputc) for _sputc
    printf1.o(i._printf_core) refers to uidiv.o(.text) for __aeabi_uidivmod
    printf2.o(i.__0fprintf$2) refers to printf2.o(i._printf_core) for _printf_core
    printf2.o(i.__0fprintf$2) refers to retarget.o(.text) for fputc
    printf2.o(i.__0printf$2) refers to printf2.o(i._printf_core) for _printf_core
    printf2.o(i.__0printf$2) refers to retarget.o(.text) for fputc
    printf2.o(i.__0printf$2) refers to retarget.o(.data) for __stdout
    printf2.o(i.__0snprintf$2) refers to printf2.o(i._printf_core) for _printf_core
    printf2.o(i.__0snprintf$2) refers to printf2.o(i._snputc) for _snputc
    printf2.o(i.__0sprintf$2) refers to printf2.o(i._printf_core) for _printf_core
    printf2.o(i.__0sprintf$2) refers to printf2.o(i._sputc) for _sputc
    printf2.o(i.__0vfprintf$2) refers to printf2.o(i._printf_core) for _printf_core
    printf2.o(i.__0vfprintf$2) refers to retarget.o(.text) for fputc
    printf2.o(i.__0vprintf$2) refers to printf2.o(i._printf_core) for _printf_core
    printf2.o(i.__0vprintf$2) refers to retarget.o(.text) for fputc
    printf2.o(i.__0vprintf$2) refers to retarget.o(.data) for __stdout
    printf2.o(i.__0vsnprintf$2) refers to printf2.o(i._printf_core) for _printf_core
    printf2.o(i.__0vsnprintf$2) refers to printf2.o(i._snputc) for _snputc
    printf2.o(i.__0vsprintf$2) refers to printf2.o(i._printf_core) for _printf_core
    printf2.o(i.__0vsprintf$2) refers to printf2.o(i._sputc) for _sputc
    printf3.o(i.__0fprintf$3) refers to printf3.o(i._printf_core) for _printf_core
    printf3.o(i.__0fprintf$3) refers to retarget.o(.text) for fputc
    printf3.o(i.__0printf$3) refers to printf3.o(i._printf_core) for _printf_core
    printf3.o(i.__0printf$3) refers to retarget.o(.text) for fputc
    printf3.o(i.__0printf$3) refers to retarget.o(.data) for __stdout
    printf3.o(i.__0snprintf$3) refers to printf3.o(i._printf_core) for _printf_core
    printf3.o(i.__0snprintf$3) refers to printf3.o(i._snputc) for _snputc
    printf3.o(i.__0sprintf$3) refers to printf3.o(i._printf_core) for _printf_core
    printf3.o(i.__0sprintf$3) refers to printf3.o(i._sputc) for _sputc
    printf3.o(i.__0vfprintf$3) refers to printf3.o(i._printf_core) for _printf_core
    printf3.o(i.__0vfprintf$3) refers to retarget.o(.text) for fputc
    printf3.o(i.__0vprintf$3) refers to printf3.o(i._printf_core) for _printf_core
    printf3.o(i.__0vprintf$3) refers to retarget.o(.text) for fputc
    printf3.o(i.__0vprintf$3) refers to retarget.o(.data) for __stdout
    printf3.o(i.__0vsnprintf$3) refers to printf3.o(i._printf_core) for _printf_core
    printf3.o(i.__0vsnprintf$3) refers to printf3.o(i._snputc) for _snputc
    printf3.o(i.__0vsprintf$3) refers to printf3.o(i._printf_core) for _printf_core
    printf3.o(i.__0vsprintf$3) refers to printf3.o(i._sputc) for _sputc
    printf3.o(i._printf_core) refers to uidiv.o(.text) for __aeabi_uidivmod
    printf4.o(i.__0fprintf$4) refers to printf4.o(i._printf_core) for _printf_core
    printf4.o(i.__0fprintf$4) refers to retarget.o(.text) for fputc
    printf4.o(i.__0printf$4) refers to printf4.o(i._printf_core) for _printf_core
    printf4.o(i.__0printf$4) refers to retarget.o(.text) for fputc
    printf4.o(i.__0printf$4) refers to retarget.o(.data) for __stdout
    printf4.o(i.__0snprintf$4) refers to printf4.o(i._printf_core) for _printf_core
    printf4.o(i.__0snprintf$4) refers to printf4.o(i._snputc) for _snputc
    printf4.o(i.__0sprintf$4) refers to printf4.o(i._printf_core) for _printf_core
    printf4.o(i.__0sprintf$4) refers to printf4.o(i._sputc) for _sputc
    printf4.o(i.__0vfprintf$4) refers to printf4.o(i._printf_core) for _printf_core
    printf4.o(i.__0vfprintf$4) refers to retarget.o(.text) for fputc
    printf4.o(i.__0vprintf$4) refers to printf4.o(i._printf_core) for _printf_core
    printf4.o(i.__0vprintf$4) refers to retarget.o(.text) for fputc
    printf4.o(i.__0vprintf$4) refers to retarget.o(.data) for __stdout
    printf4.o(i.__0vsnprintf$4) refers to printf4.o(i._printf_core) for _printf_core
    printf4.o(i.__0vsnprintf$4) refers to printf4.o(i._snputc) for _snputc
    printf4.o(i.__0vsprintf$4) refers to printf4.o(i._printf_core) for _printf_core
    printf4.o(i.__0vsprintf$4) refers to printf4.o(i._sputc) for _sputc
    printf4.o(i._printf_core) refers to uldiv.o(.text) for __aeabi_uldivmod
    printf5.o(i.__0fprintf$5) refers to printf5.o(i._printf_core) for _printf_core
    printf5.o(i.__0fprintf$5) refers to retarget.o(.text) for fputc
    printf5.o(i.__0printf$5) refers to printf5.o(i._printf_core) for _printf_core
    printf5.o(i.__0printf$5) refers to retarget.o(.text) for fputc
    printf5.o(i.__0printf$5) refers to retarget.o(.data) for __stdout
    printf5.o(i.__0snprintf$5) refers to printf5.o(i._printf_core) for _printf_core
    printf5.o(i.__0snprintf$5) refers to printf5.o(i._snputc) for _snputc
    printf5.o(i.__0sprintf$5) refers to printf5.o(i._printf_core) for _printf_core
    printf5.o(i.__0sprintf$5) refers to printf5.o(i._sputc) for _sputc
    printf5.o(i.__0vfprintf$5) refers to printf5.o(i._printf_core) for _printf_core
    printf5.o(i.__0vfprintf$5) refers to retarget.o(.text) for fputc
    printf5.o(i.__0vprintf$5) refers to printf5.o(i._printf_core) for _printf_core
    printf5.o(i.__0vprintf$5) refers to retarget.o(.text) for fputc
    printf5.o(i.__0vprintf$5) refers to retarget.o(.data) for __stdout
    printf5.o(i.__0vsnprintf$5) refers to printf5.o(i._printf_core) for _printf_core
    printf5.o(i.__0vsnprintf$5) refers to printf5.o(i._snputc) for _snputc
    printf5.o(i.__0vsprintf$5) refers to printf5.o(i._printf_core) for _printf_core
    printf5.o(i.__0vsprintf$5) refers to printf5.o(i._sputc) for _sputc
    printf5.o(i._printf_core) refers to uldiv.o(.text) for __aeabi_uldivmod
    printf6.o(i.__0fprintf$6) refers to printf6.o(i._printf_core) for _printf_core
    printf6.o(i.__0fprintf$6) refers to retarget.o(.text) for fputc
    printf6.o(i.__0printf$6) refers to printf6.o(i._printf_core) for _printf_core
    printf6.o(i.__0printf$6) refers to retarget.o(.text) for fputc
    printf6.o(i.__0printf$6) refers to retarget.o(.data) for __stdout
    printf6.o(i.__0snprintf$6) refers to printf6.o(i._printf_core) for _printf_core
    printf6.o(i.__0snprintf$6) refers to printf6.o(i._snputc) for _snputc
    printf6.o(i.__0sprintf$6) refers to printf6.o(i._printf_core) for _printf_core
    printf6.o(i.__0sprintf$6) refers to printf6.o(i._sputc) for _sputc
    printf6.o(i.__0vfprintf$6) refers to printf6.o(i._printf_core) for _printf_core
    printf6.o(i.__0vfprintf$6) refers to retarget.o(.text) for fputc
    printf6.o(i.__0vprintf$6) refers to printf6.o(i._printf_core) for _printf_core
    printf6.o(i.__0vprintf$6) refers to retarget.o(.text) for fputc
    printf6.o(i.__0vprintf$6) refers to retarget.o(.data) for __stdout
    printf6.o(i.__0vsnprintf$6) refers to printf6.o(i._printf_core) for _printf_core
    printf6.o(i.__0vsnprintf$6) refers to printf6.o(i._snputc) for _snputc
    printf6.o(i.__0vsprintf$6) refers to printf6.o(i._printf_core) for _printf_core
    printf6.o(i.__0vsprintf$6) refers to printf6.o(i._sputc) for _sputc
    printf6.o(i._printf_core) refers to printf6.o(i._printf_pre_padding) for _printf_pre_padding
    printf6.o(i._printf_core) refers to uidiv.o(.text) for __aeabi_uidivmod
    printf6.o(i._printf_core) refers to printf6.o(i._printf_post_padding) for _printf_post_padding
    printf7.o(i.__0fprintf$7) refers to printf7.o(i._printf_core) for _printf_core
    printf7.o(i.__0fprintf$7) refers to retarget.o(.text) for fputc
    printf7.o(i.__0printf$7) refers to printf7.o(i._printf_core) for _printf_core
    printf7.o(i.__0printf$7) refers to retarget.o(.text) for fputc
    printf7.o(i.__0printf$7) refers to retarget.o(.data) for __stdout
    printf7.o(i.__0snprintf$7) refers to printf7.o(i._printf_core) for _printf_core
    printf7.o(i.__0snprintf$7) refers to printf7.o(i._snputc) for _snputc
    printf7.o(i.__0sprintf$7) refers to printf7.o(i._printf_core) for _printf_core
    printf7.o(i.__0sprintf$7) refers to printf7.o(i._sputc) for _sputc
    printf7.o(i.__0vfprintf$7) refers to printf7.o(i._printf_core) for _printf_core
    printf7.o(i.__0vfprintf$7) refers to retarget.o(.text) for fputc
    printf7.o(i.__0vprintf$7) refers to printf7.o(i._printf_core) for _printf_core
    printf7.o(i.__0vprintf$7) refers to retarget.o(.text) for fputc
    printf7.o(i.__0vprintf$7) refers to retarget.o(.data) for __stdout
    printf7.o(i.__0vsnprintf$7) refers to printf7.o(i._printf_core) for _printf_core
    printf7.o(i.__0vsnprintf$7) refers to printf7.o(i._snputc) for _snputc
    printf7.o(i.__0vsprintf$7) refers to printf7.o(i._printf_core) for _printf_core
    printf7.o(i.__0vsprintf$7) refers to printf7.o(i._sputc) for _sputc
    printf7.o(i._printf_core) refers to printf7.o(i._printf_pre_padding) for _printf_pre_padding
    printf7.o(i._printf_core) refers to uldiv.o(.text) for __aeabi_uldivmod
    printf7.o(i._printf_core) refers to printf7.o(i._printf_post_padding) for _printf_post_padding
    printf8.o(i.__0fprintf$8) refers to printf8.o(i._printf_core) for _printf_core
    printf8.o(i.__0fprintf$8) refers to retarget.o(.text) for fputc
    printf8.o(i.__0printf$8) refers to printf8.o(i._printf_core) for _printf_core
    printf8.o(i.__0printf$8) refers to retarget.o(.text) for fputc
    printf8.o(i.__0printf$8) refers to retarget.o(.data) for __stdout
    printf8.o(i.__0snprintf$8) refers to printf8.o(i._printf_core) for _printf_core
    printf8.o(i.__0snprintf$8) refers to printf8.o(i._snputc) for _snputc
    printf8.o(i.__0sprintf$8) refers to printf8.o(i._printf_core) for _printf_core
    printf8.o(i.__0sprintf$8) refers to printf8.o(i._sputc) for _sputc
    printf8.o(i.__0vfprintf$8) refers to printf8.o(i._printf_core) for _printf_core
    printf8.o(i.__0vfprintf$8) refers to retarget.o(.text) for fputc
    printf8.o(i.__0vprintf$8) refers to printf8.o(i._printf_core) for _printf_core
    printf8.o(i.__0vprintf$8) refers to retarget.o(.text) for fputc
    printf8.o(i.__0vprintf$8) refers to retarget.o(.data) for __stdout
    printf8.o(i.__0vsnprintf$8) refers to printf8.o(i._printf_core) for _printf_core
    printf8.o(i.__0vsnprintf$8) refers to printf8.o(i._snputc) for _snputc
    printf8.o(i.__0vsprintf$8) refers to printf8.o(i._printf_core) for _printf_core
    printf8.o(i.__0vsprintf$8) refers to printf8.o(i._sputc) for _sputc
    printf8.o(i._printf_core) refers to printf8.o(i._printf_pre_padding) for _printf_pre_padding
    printf8.o(i._printf_core) refers to uldiv.o(.text) for __aeabi_uldivmod
    printf8.o(i._printf_core) refers to printf8.o(i._printf_post_padding) for _printf_post_padding
    printfa.o(i.__0fprintf) refers (Special) to iusefp.o(.text) for __I$use$fp
    printfa.o(i.__0fprintf) refers to printfa.o(i._printf_core) for _printf_core
    printfa.o(i.__0fprintf) refers to retarget.o(.text) for fputc
    printfa.o(i.__0printf) refers (Special) to iusefp.o(.text) for __I$use$fp
    printfa.o(i.__0printf) refers to printfa.o(i._printf_core) for _printf_core
    printfa.o(i.__0printf) refers to retarget.o(.text) for fputc
    printfa.o(i.__0printf) refers to retarget.o(.data) for __stdout
    printfa.o(i.__0snprintf) refers (Special) to iusefp.o(.text) for __I$use$fp
    printfa.o(i.__0snprintf) refers to printfa.o(i._printf_core) for _printf_core
    printfa.o(i.__0snprintf) refers to printfa.o(i._snputc) for _snputc
    printfa.o(i.__0sprintf) refers (Special) to iusefp.o(.text) for __I$use$fp
    printfa.o(i.__0sprintf) refers to printfa.o(i._printf_core) for _printf_core
    printfa.o(i.__0sprintf) refers to printfa.o(i._sputc) for _sputc
    printfa.o(i.__0vfprintf) refers (Special) to iusefp.o(.text) for __I$use$fp
    printfa.o(i.__0vfprintf) refers to printfa.o(i._printf_core) for _printf_core
    printfa.o(i.__0vfprintf) refers to retarget.o(.text) for fputc
    printfa.o(i.__0vprintf) refers (Special) to iusefp.o(.text) for __I$use$fp
    printfa.o(i.__0vprintf) refers to printfa.o(i._printf_core) for _printf_core
    printfa.o(i.__0vprintf) refers to retarget.o(.text) for fputc
    printfa.o(i.__0vprintf) refers to retarget.o(.data) for __stdout
    printfa.o(i.__0vsnprintf) refers (Special) to iusefp.o(.text) for __I$use$fp
    printfa.o(i.__0vsnprintf) refers to printfa.o(i._printf_core) for _printf_core
    printfa.o(i.__0vsnprintf) refers to printfa.o(i._snputc) for _snputc
    printfa.o(i.__0vsprintf) refers (Special) to iusefp.o(.text) for __I$use$fp
    printfa.o(i.__0vsprintf) refers to printfa.o(i._printf_core) for _printf_core
    printfa.o(i.__0vsprintf) refers to printfa.o(i._sputc) for _sputc
    printfa.o(i._fp_digits) refers (Special) to iusefp.o(.text) for __I$use$fp
    printfa.o(i._fp_digits) refers to dmul.o(.text) for __aeabi_dmul
    printfa.o(i._fp_digits) refers to ddiv.o(.text) for __aeabi_ddiv
    printfa.o(i._fp_digits) refers to cdrcmple.o(.text) for __aeabi_cdrcmple
    printfa.o(i._fp_digits) refers to dadd.o(.text) for __aeabi_dadd
    printfa.o(i._fp_digits) refers to dfixul.o(.text) for __aeabi_d2ulz
    printfa.o(i._fp_digits) refers to uldiv.o(.text) for __aeabi_uldivmod
    printfa.o(i._printf_core) refers (Special) to iusefp.o(.text) for __I$use$fp
    printfa.o(i._printf_core) refers to printfa.o(i._printf_pre_padding) for _printf_pre_padding
    printfa.o(i._printf_core) refers to uldiv.o(.text) for __aeabi_uldivmod
    printfa.o(i._printf_core) refers to printfa.o(i._printf_post_padding) for _printf_post_padding
    printfa.o(i._printf_core) refers to printfa.o(i._fp_digits) for _fp_digits
    printfa.o(i._printf_core) refers to uidiv.o(.text) for __aeabi_uidivmod
    printfa.o(i._printf_post_padding) refers (Special) to iusefp.o(.text) for __I$use$fp
    printfa.o(i._printf_pre_padding) refers (Special) to iusefp.o(.text) for __I$use$fp
    printfa.o(i._snputc) refers (Special) to iusefp.o(.text) for __I$use$fp
    printfa.o(i._sputc) refers (Special) to iusefp.o(.text) for __I$use$fp
    dadd.o(.text) refers (Special) to iusefp.o(.text) for __I$use$fp
    dadd.o(.text) refers to llshl.o(.text) for __aeabi_llsl
    dadd.o(.text) refers to llsshr.o(.text) for __aeabi_lasr
    dadd.o(.text) refers to depilogue.o(.text) for _double_epilogue
    dflti.o(.text) refers (Special) to iusefp.o(.text) for __I$use$fp
    dflti.o(.text) refers to depilogue.o(.text) for _double_epilogue
    dfltui.o(.text) refers (Special) to iusefp.o(.text) for __I$use$fp
    dfltui.o(.text) refers to depilogue.o(.text) for _double_epilogue
    dfixi.o(.text) refers (Special) to iusefp.o(.text) for __I$use$fp
    dfixi.o(.text) refers to llushr.o(.text) for __aeabi_llsr
    dfixui.o(.text) refers (Special) to iusefp.o(.text) for __I$use$fp
    dfixui.o(.text) refers to llushr.o(.text) for __aeabi_llsr
    cdcmple.o(.text) refers (Special) to iusefp.o(.text) for __I$use$fp
    cdrcmple.o(.text) refers (Special) to iusefp.o(.text) for __I$use$fp
    entry2.o(.ARM.Collect$$$$00000001) refers to entry2.o(.ARM.Collect$$$$00002712) for __lit__00000000
    entry2.o(.ARM.Collect$$$$00002712) refers to startup_lpc17xx.o(STACK) for __initial_sp
    entry2.o(__vectab_stack_and_reset_area) refers to startup_lpc17xx.o(STACK) for __initial_sp
    entry2.o(__vectab_stack_and_reset_area) refers to entry.o(.ARM.Collect$$$$00000000) for __main
    entry5.o(.ARM.Collect$$$$00000004) refers to init.o(.text) for __scatterload
    entry8.o(.ARM.Collect$$$$00000009) refers to blinky.o(.text) for main
    depilogue.o(.text) refers to llshl.o(.text) for __aeabi_llsl
    depilogue.o(.text) refers to llushr.o(.text) for __aeabi_llsr
    dmul.o(.text) refers to depilogue.o(.text) for _double_epilogue
    ddiv.o(.text) refers to depilogue.o(.text) for _double_round
    dfixul.o(.text) refers to llushr.o(.text) for __aeabi_llsr
    dfixul.o(.text) refers to llshl.o(.text) for __aeabi_llsl
    init.o(.text) refers to entry5.o(.ARM.Collect$$$$00000004) for __main_after_scatterload


==============================================================================

Removing Unused input sections from the image.

    Removing startup_lpc17xx.o(HEAP), (0 bytes).
    Removing system_lpc17xx.o(.rev16_text), (4 bytes).
    Removing system_lpc17xx.o(.revsh_text), (4 bytes).
    Removing glcd_spi_lpc1700.o(.rev16_text), (4 bytes).
    Removing glcd_spi_lpc1700.o(.revsh_text), (4 bytes).
    Removing retarget.o(.text), (48 bytes).
    Removing retarget.o(.data), (8 bytes).
    Removing serial.o(.rev16_text), (4 bytes).
    Removing serial.o(.revsh_text), (4 bytes).
    Removing led.o(.rev16_text), (4 bytes).
    Removing led.o(.revsh_text), (4 bytes).
    Removing blinky.o(.rev16_text), (4 bytes).
    Removing blinky.o(.revsh_text), (4 bytes).
    Removing adc.o(.rev16_text), (4 bytes).
    Removing adc.o(.revsh_text), (4 bytes).
    Removing kbd.o(.rev16_text), (4 bytes).
    Removing kbd.o(.revsh_text), (4 bytes).
    Removing kbd.o(.data), (8 bytes).
    Removing rt_task.o(i.rt_tsk_pass), (48 bytes).
    Removing rt_task.o(i.rt_tsk_self), (16 bytes).
    Removing rt_time.o(i.rt_itv_set), (24 bytes).
    Removing rt_time.o(i.rt_itv_wait), (44 bytes).
    Removing rt_system.o(.emb_text), (0 bytes).
    Removing rt_system.o(i.rt_psh_req), (32 bytes).
    Removing rt_system.o(i.rt_resume), (176 bytes).
    Removing rt_system.o(i.rt_suspend), (44 bytes).
    Removing rt_system.o(i.rt_tsk_lock), (80 bytes).
    Removing rt_system.o(i.rt_tsk_unlock), (80 bytes).
    Removing rt_list.o(i.rt_get_same_rdy_prio), (36 bytes).
    Removing rt_list.o(i.rt_psq_enq), (88 bytes).
    Removing rt_membox.o(i._calloc_box), (30 bytes).
    Removing rt_event.o(i.isr_evt_set), (40 bytes).
    Removing rt_event.o(i.rt_evt_clr), (28 bytes).
    Removing rt_event.o(i.rt_evt_get), (12 bytes).
    Removing rt_event.o(i.rt_evt_set), (96 bytes).
    Removing rt_event.o(i.rt_evt_wait), (64 bytes).
    Removing rt_mailbox.o(i.isr_mbx_receive), (84 bytes).
    Removing rt_mailbox.o(i.isr_mbx_send), (14 bytes).
    Removing rt_mailbox.o(i.rt_mbx_check), (8 bytes).
    Removing rt_mailbox.o(i.rt_mbx_init), (26 bytes).
    Removing rt_mailbox.o(i.rt_mbx_send), (160 bytes).
    Removing rt_mailbox.o(i.rt_mbx_wait), (184 bytes).
    Removing rt_semaphore.o(i.isr_sem_send), (16 bytes).
    Removing rt_semaphore.o(i.rt_sem_init), (12 bytes).
    Removing rt_semaphore.o(i.rt_sem_send), (56 bytes).
    Removing rt_semaphore.o(i.rt_sem_wait), (60 bytes).
    Removing rt_timer.o(i.rt_tmr_create), (80 bytes).
    Removing rt_timer.o(i.rt_tmr_kill), (52 bytes).
    Removing dmul.o(.text), (228 bytes).
    Removing ddiv.o(.text), (222 bytes).
    Removing dfixul.o(.text), (48 bytes).

51 unused section(s) (total 2308 bytes) removed from the image.

==============================================================================

Image Symbol Table

    Local Symbols

    Symbol Name                              Value     Ov Type        Size  Object(Section)

    RESET                                    0x00000000   Section      204  startup_lpc17xx.o(RESET)
    ../clib/../cmprslib/lz77c.c              0x00000000   Number         0  __dclz77c.o ABSOLUTE
    ../clib/microlib/division.c              0x00000000   Number         0  uidiv.o ABSOLUTE
    ../clib/microlib/division.c              0x00000000   Number         0  uldiv.o ABSOLUTE
    ../clib/microlib/init/entry.s            0x00000000   Number         0  entry7a.o ABSOLUTE
    ../clib/microlib/init/entry.s            0x00000000   Number         0  entry7b.o ABSOLUTE
    ../clib/microlib/init/entry.s            0x00000000   Number         0  entry.o ABSOLUTE
    ../clib/microlib/init/entry.s            0x00000000   Number         0  entry2.o ABSOLUTE
    ../clib/microlib/init/entry.s            0x00000000   Number         0  entry8.o ABSOLUTE
    ../clib/microlib/init/entry.s            0x00000000   Number         0  entry5.o ABSOLUTE
    ../clib/microlib/longlong.c              0x00000000   Number         0  llushr.o ABSOLUTE
    ../clib/microlib/longlong.c              0x00000000   Number         0  llshl.o ABSOLUTE
    ../clib/microlib/longlong.c              0x00000000   Number         0  llsshr.o ABSOLUTE
    ../clib/microlib/printf/printf.c         0x00000000   Number         0  printf2.o ABSOLUTE
    ../clib/microlib/printf/printf.c         0x00000000   Number         0  printf3.o ABSOLUTE
    ../clib/microlib/printf/printf.c         0x00000000   Number         0  printf7.o ABSOLUTE
    ../clib/microlib/printf/printf.c         0x00000000   Number         0  printf8.o ABSOLUTE
    ../clib/microlib/printf/printf.c         0x00000000   Number         0  printfa.o ABSOLUTE
    ../clib/microlib/printf/printf.c         0x00000000   Number         0  printfb.o ABSOLUTE
    ../clib/microlib/printf/printf.c         0x00000000   Number         0  printf4.o ABSOLUTE
    ../clib/microlib/printf/printf.c         0x00000000   Number         0  printf0.o ABSOLUTE
    ../clib/microlib/printf/printf.c         0x00000000   Number         0  printf1.o ABSOLUTE
    ../clib/microlib/printf/printf.c         0x00000000   Number         0  printf6.o ABSOLUTE
    ../clib/microlib/printf/printf.c         0x00000000   Number         0  printf5.o ABSOLUTE
    ../clib/microlib/printf/stubs.s          0x00000000   Number         0  stubs.o ABSOLUTE
    ../clib/microlib/stubs.s                 0x00000000   Number         0  useno.o ABSOLUTE
    ../clib/microlib/stubs.s                 0x00000000   Number         0  iusefp.o ABSOLUTE
    ../fplib/microlib/fpadd.c                0x00000000   Number         0  dadd.o ABSOLUTE
    ../fplib/microlib/fpdiv.c                0x00000000   Number         0  ddiv.o ABSOLUTE
    ../fplib/microlib/fpepilogue.c           0x00000000   Number         0  depilogue.o ABSOLUTE
    ../fplib/microlib/fpfix.c                0x00000000   Number         0  dfixi.o ABSOLUTE
    ../fplib/microlib/fpfix.c                0x00000000   Number         0  dfixui.o ABSOLUTE
    ../fplib/microlib/fpfix.c                0x00000000   Number         0  dfixul.o ABSOLUTE
    ../fplib/microlib/fpflt.c                0x00000000   Number         0  dflti.o ABSOLUTE
    ../fplib/microlib/fpflt.c                0x00000000   Number         0  dfltui.o ABSOLUTE
    ../fplib/microlib/fpmul.c                0x00000000   Number         0  dmul.o ABSOLUTE
    ADC.c                                    0x00000000   Number         0  adc.o ABSOLUTE
    ADC.c                                    0x00000000   Number         0  adc.o ABSOLUTE
    Blinky.c                                 0x00000000   Number         0  blinky.o ABSOLUTE
    Blinky.c                                 0x00000000   Number         0  blinky.o ABSOLUTE
    GLCD_SPI_LPC1700.c                       0x00000000   Number         0  glcd_spi_lpc1700.o ABSOLUTE
    GLCD_SPI_LPC1700.c                       0x00000000   Number         0  glcd_spi_lpc1700.o ABSOLUTE
    KBD.c                                    0x00000000   Number         0  kbd.o ABSOLUTE
    KBD.c                                    0x00000000   Number         0  kbd.o ABSOLUTE
    LED.c                                    0x00000000   Number         0  led.o ABSOLUTE
    LED.c                                    0x00000000   Number         0  led.o ABSOLUTE
    RTX_Conf_CM.c                            0x00000000   Number         0  rtx_conf_cm.o ABSOLUTE
    Retarget.c                               0x00000000   Number         0  retarget.o ABSOLUTE
    SRC\CM\HAL_CM3.c                         0x00000000   Number         0  hal_cm3.o ABSOLUTE
    SRC\CM\SVC_Table.s                       0x00000000   Number         0  SVC_Table.o ABSOLUTE
    SRC\CM\rt_Event.c                        0x00000000   Number         0  rt_event.o ABSOLUTE
    SRC\CM\rt_List.c                         0x00000000   Number         0  rt_list.o ABSOLUTE
    SRC\CM\rt_Mailbox.c                      0x00000000   Number         0  rt_mailbox.o ABSOLUTE
    SRC\CM\rt_MemBox.c                       0x00000000   Number         0  rt_membox.o ABSOLUTE
    SRC\CM\rt_Mutex.c                        0x00000000   Number         0  rt_mutex.o ABSOLUTE
    SRC\CM\rt_Robin.c                        0x00000000   Number         0  rt_robin.o ABSOLUTE
    SRC\CM\rt_Semaphore.c                    0x00000000   Number         0  rt_semaphore.o ABSOLUTE
    SRC\CM\rt_System.c                       0x00000000   Number         0  rt_system.o ABSOLUTE
    SRC\CM\rt_Task.c                         0x00000000   Number         0  rt_task.o ABSOLUTE
    SRC\CM\rt_Time.c                         0x00000000   Number         0  rt_time.o ABSOLUTE
    SRC\CM\rt_Timer.c                        0x00000000   Number         0  rt_timer.o ABSOLUTE
    SRC\\CM\\HAL_CM3.c                       0x00000000   Number         0  hal_cm3.o ABSOLUTE
    SRC\\CM\\rt_System.c                     0x00000000   Number         0  rt_system.o ABSOLUTE
    Serial.c                                 0x00000000   Number         0  serial.o ABSOLUTE
    Serial.c                                 0x00000000   Number         0  serial.o ABSOLUTE
    cdcmple.s                                0x00000000   Number         0  cdcmple.o ABSOLUTE
    cdrcmple.s                               0x00000000   Number         0  cdrcmple.o ABSOLUTE
    dc.s                                     0x00000000   Number         0  dc.o ABSOLUTE
    handlers.s                               0x00000000   Number         0  handlers.o ABSOLUTE
    init.s                                   0x00000000   Number         0  init.o ABSOLUTE
    startup_LPC17xx.s                        0x00000000   Number         0  startup_lpc17xx.o ABSOLUTE
    system_LPC17xx.c                         0x00000000   Number         0  system_lpc17xx.o ABSOLUTE
    system_LPC17xx.c                         0x00000000   Number         0  system_lpc17xx.o ABSOLUTE
    .ARM.Collect$$$$00000000                 0x000000cc   Section        0  entry.o(.ARM.Collect$$$$00000000)
    .ARM.Collect$$$$00000001                 0x000000cc   Section        4  entry2.o(.ARM.Collect$$$$00000001)
    .ARM.Collect$$$$00000004                 0x000000d0   Section        4  entry5.o(.ARM.Collect$$$$00000004)
    .ARM.Collect$$$$00000008                 0x000000d4   Section        0  entry7b.o(.ARM.Collect$$$$00000008)
    .ARM.Collect$$$$00000009                 0x000000d4   Section        8  entry8.o(.ARM.Collect$$$$00000009)
    .ARM.Collect$$$$00002712                 0x000000dc   Section        4  entry2.o(.ARM.Collect$$$$00002712)
    __lit__00000000                          0x000000dc   Data           4  entry2.o(.ARM.Collect$$$$00002712)
    .emb_text                                0x000000e0   Section      340  hal_cm3.o(.emb_text)
    .text                                    0x00000234   Section       36  startup_lpc17xx.o(.text)
    .text                                    0x00000258   Section        0  serial.o(.text)
    .text                                    0x000002d8   Section        0  rtx_conf_cm.o(.text)
    .text                                    0x000002e2   Section        0  dfltui.o(.text)
    .ARM.__at_0x02FC                         0x000002fc   Section        4  startup_lpc17xx.o(.ARM.__at_0x02FC)
    .text                                    0x00000300   Section        0  system_lpc17xx.o(.text)
    .text                                    0x00000618   Section        0  glcd_spi_lpc1700.o(.text)
    delay                                    0x00000619   Thumb Code    14  glcd_spi_lpc1700.o(.text)
    spi_tran_man                             0x00000627   Thumb Code   124  glcd_spi_lpc1700.o(.text)
    wr_cmd                                   0x000006a3   Thumb Code    36  glcd_spi_lpc1700.o(.text)
    wr_dat                                   0x000006c7   Thumb Code    36  glcd_spi_lpc1700.o(.text)
    rd_reg                                   0x000006eb   Thumb Code    66  glcd_spi_lpc1700.o(.text)
    rd_id_man                                0x0000072d   Thumb Code   132  glcd_spi_lpc1700.o(.text)
    spi_tran                                 0x0000114b   Thumb Code    26  glcd_spi_lpc1700.o(.text)
    wr_dat_start                             0x00001165   Thumb Code    16  glcd_spi_lpc1700.o(.text)
    wr_dat_stop                              0x00001175   Thumb Code     8  glcd_spi_lpc1700.o(.text)
    wr_dat_only                              0x0000117d   Thumb Code    18  glcd_spi_lpc1700.o(.text)
    wr_reg                                   0x0000118f   Thumb Code    20  glcd_spi_lpc1700.o(.text)
    .text                                    0x000011bc   Section        0  led.o(.text)
    .text                                    0x00001268   Section        0  blinky.o(.text)
    .text                                    0x00002688   Section        0  adc.o(.text)
    .text                                    0x0000274c   Section        0  kbd.o(.text)
    .text                                    0x000027a0   Section        0  uldiv.o(.text)
    .text                                    0x00002802   Section        0  dadd.o(.text)
    .text                                    0x00002950   Section        0  dflti.o(.text)
    .text                                    0x00002972   Section        0  dfixi.o(.text)
    .text                                    0x000029b0   Section        0  dfixui.o(.text)
    .text                                    0x000029e4   Section       40  cdcmple.o(.text)
    .text                                    0x00002a0c   Section       40  cdrcmple.o(.text)
    .text                                    0x00002a34   Section        0  uidiv.o(.text)
    .text                                    0x00002a60   Section        0  llshl.o(.text)
    .text                                    0x00002a7e   Section        0  llushr.o(.text)
    .text                                    0x00002a9e   Section        0  llsshr.o(.text)
    .text                                    0x00002ac2   Section        0  depilogue.o(.text)
    .text                                    0x00002ac2   Section        0  iusefp.o(.text)
    .text                                    0x00002b80   Section       36  init.o(.text)
    .text                                    0x00002ba4   Section        0  __dclz77c.o(.text)
    SVC_TABLE                                0x00002c04   Section        4  SVC_Table.o(SVC_TABLE)
    i.__0sprintf$1                           0x00002c08   Section        0  printf1.o(i.__0sprintf$1)
    i.__scatterload_copy                     0x00002c30   Section       14  handlers.o(i.__scatterload_copy)
    i.__scatterload_null                     0x00002c3e   Section        2  handlers.o(i.__scatterload_null)
    i.__scatterload_zeroinit                 0x00002c40   Section       14  handlers.o(i.__scatterload_zeroinit)
    i._init_box                              0x00002c4e   Section        0  rt_membox.o(i._init_box)
    i._printf_core                           0x00002c94   Section        0  printf1.o(i._printf_core)
    _printf_core                             0x00002c95   Thumb Code   334  printf1.o(i._printf_core)
    i._sputc                                 0x00002de8   Section        0  printf1.o(i._sputc)
    _sputc                                   0x00002de9   Thumb Code    10  printf1.o(i._sputc)
    i.dbg_init                               0x00002df4   Section        0  hal_cm3.o(i.dbg_init)
    i.dbg_task_notify                        0x00002e24   Section        0  hal_cm3.o(i.dbg_task_notify)
    i.dbg_task_switch                        0x00002e44   Section        0  hal_cm3.o(i.dbg_task_switch)
    i.os_tick_init                           0x00002e54   Section        0  rt_system.o(i.os_tick_init)
    i.os_tick_irqack                         0x00002e7c   Section        0  rt_system.o(i.os_tick_irqack)
    i.rt_alloc_box                           0x00002e7e   Section        0  rt_membox.o(i.rt_alloc_box)
    i.rt_block                               0x00002e98   Section        0  rt_task.o(i.rt_block)
    i.rt_chk_robin                           0x00002ed0   Section        0  rt_robin.o(i.rt_chk_robin)
    i.rt_dec_dly                             0x00002f18   Section        0  rt_list.o(i.rt_dec_dly)
    i.rt_dispatch                            0x00002f8c   Section        0  rt_task.o(i.rt_dispatch)
    i.rt_dly_wait                            0x00002fd0   Section        0  rt_time.o(i.rt_dly_wait)
    i.rt_evt_psh                             0x00002fd8   Section        0  rt_event.o(i.rt_evt_psh)
    i.rt_free_box                            0x00003024   Section        0  rt_membox.o(i.rt_free_box)
    i.rt_get_first                           0x00003044   Section        0  rt_list.o(i.rt_get_first)
    i.rt_init_context                        0x0000306c   Section        0  rt_task.o(i.rt_init_context)
    rt_init_context                          0x0000306d   Thumb Code    64  rt_task.o(i.rt_init_context)
    i.rt_init_robin                          0x000030b0   Section        0  rt_robin.o(i.rt_init_robin)
    i.rt_init_stack                          0x000030c8   Section        0  hal_cm3.o(i.rt_init_stack)
    i.rt_mbx_psh                             0x00003118   Section        0  rt_mailbox.o(i.rt_mbx_psh)
    i.rt_mut_init                            0x000031d8   Section        0  rt_mutex.o(i.rt_mut_init)
    i.rt_mut_release                         0x000031e8   Section        0  rt_mutex.o(i.rt_mut_release)
    i.rt_mut_wait                            0x00003294   Section        0  rt_mutex.o(i.rt_mut_wait)
    i.rt_pop_req                             0x000032f8   Section        0  rt_system.o(i.rt_pop_req)
    i.rt_put_dly                             0x00003370   Section        0  rt_list.o(i.rt_put_dly)
    i.rt_put_prio                            0x000033b8   Section        0  rt_list.o(i.rt_put_prio)
    i.rt_put_rdy_first                       0x000033f0   Section        0  rt_list.o(i.rt_put_rdy_first)
    i.rt_resort_prio                         0x00003404   Section        0  rt_list.o(i.rt_resort_prio)
    i.rt_rmv_dly                             0x00003438   Section        0  rt_list.o(i.rt_rmv_dly)
    i.rt_rmv_list                            0x00003460   Section        0  rt_list.o(i.rt_rmv_list)
    i.rt_sem_psh                             0x00003490   Section        0  rt_semaphore.o(i.rt_sem_psh)
    i.rt_stk_check                           0x000034c4   Section        0  rt_system.o(i.rt_stk_check)
    i.rt_switch_req                          0x000034e8   Section        0  rt_task.o(i.rt_switch_req)
    i.rt_sys_init                            0x00003510   Section        0  rt_task.o(i.rt_sys_init)
    i.rt_systick                             0x00003668   Section        0  rt_system.o(i.rt_systick)
    i.rt_time_get                            0x000036a4   Section        0  rt_time.o(i.rt_time_get)
    i.rt_tmr_tick                            0x000036b0   Section        0  rt_timer.o(i.rt_tmr_tick)
    i.rt_tsk_create                          0x000036f0   Section        0  rt_task.o(i.rt_tsk_create)
    i.rt_tsk_delete                          0x00003784   Section        0  rt_task.o(i.rt_tsk_delete)
    i.rt_tsk_prio                            0x00003840   Section        0  rt_task.o(i.rt_tsk_prio)
    .constdata                               0x000038c0   Section     6272  glcd_spi_lpc1700.o(.constdata)
    .constdata                               0x00005140   Section       32  led.o(.constdata)
    .constdata                               0x00005160   Section       40  rtx_conf_cm.o(.constdata)
    __tagsym$$used                           0x00005174   Number         0  rtx_conf_cm.o(.constdata)
    __tagsym$$used                           0x00005178   Number         0  rtx_conf_cm.o(.constdata)
    .data                                    0x10000000   Section        4  system_lpc17xx.o(.data)
    .data                                    0x10000004   Section        5  glcd_spi_lpc1700.o(.data)
    Color                                    0x10000004   Data           4  glcd_spi_lpc1700.o(.data)
    Himax                                    0x10000008   Data           1  glcd_spi_lpc1700.o(.data)
    .data                                    0x10000010   Section     8288  blinky.o(.data)
    .data                                    0x10002070   Section        4  adc.o(.data)
    .data                                    0x10002074   Section        4  rtx_conf_cm.o(.data)
    .data                                    0x10002078   Section        8  rt_task.o(.data)
    .data                                    0x10002080   Section        4  rt_time.o(.data)
    .data                                    0x10002084   Section        1  hal_cm3.o(.data)
    .data                                    0x10002088   Section        8  rt_system.o(.data)
    os_lock                                  0x10002088   Data           1  rt_system.o(.data)
    os_psh_flag                              0x10002089   Data           1  rt_system.o(.data)
    pend_flags                               0x1000208a   Data           1  rt_system.o(.data)
    .data                                    0x10002090   Section        8  rt_robin.o(.data)
    .data                                    0x10002098   Section        8  rt_timer.o(.data)
    .bss                                     0x100020a0   Section     2524  blinky.o(.bss)
    .bss                                     0x10002a80   Section    18160  rtx_conf_cm.o(.bss)
    .bss                                     0x10007170   Section       48  rt_task.o(.bss)
    .bss                                     0x100071a0   Section       48  rt_list.o(.bss)
    STACK                                    0x100071d0   Section      512  startup_lpc17xx.o(STACK)

    Global Symbols

    Symbol Name                              Value     Ov Type        Size  Object(Section)

    BuildAttributes$$THM_ISAv4$P$D$K$B$S$PE$A:L22UL41UL21$X:L11$S22US41US21$IEEE1$IW$USESV6$~STKCKD$USESV7$~SHL$OSPACE$ROPI$EBA8$MICROLIB$REQ8$PRES8$EABIv2 0x00000000   Number         0  anon$$obj.o ABSOLUTE
    __ARM_use_no_argv                        0x00000000   Number         0  blinky.o ABSOLUTE
    __Vectors                                0x00000000   Data           4  startup_lpc17xx.o(RESET)
    __use_no_errno                           0x00000000   Number         0  useno.o ABSOLUTE
    __use_no_exception_handling              0x00000000   Number         0  useno.o ABSOLUTE
    __use_no_fp                              0x00000000   Number         0  useno.o ABSOLUTE
    __use_no_heap                            0x00000000   Number         0  useno.o ABSOLUTE
    __use_no_heap_region                     0x00000000   Number         0  useno.o ABSOLUTE
    __use_no_semihosting                     0x00000000   Number         0  useno.o ABSOLUTE
    __use_no_semihosting_swi                 0x00000000   Number         0  useno.o ABSOLUTE
    __use_no_signal_handling                 0x00000000   Number         0  useno.o ABSOLUTE
    _printf_a                                0x00000000   Number         0  stubs.o ABSOLUTE
    _printf_c                                0x00000000   Number         0  stubs.o ABSOLUTE
    _printf_charcount                        0x00000000   Number         0  stubs.o ABSOLUTE
    _printf_d                                0x00000000   Number         0  stubs.o ABSOLUTE
    _printf_e                                0x00000000   Number         0  stubs.o ABSOLUTE
    _printf_f                                0x00000000   Number         0  stubs.o ABSOLUTE
    _printf_flags                            0x00000000   Number         0  stubs.o ABSOLUTE
    _printf_fp_dec                           0x00000000   Number         0  stubs.o ABSOLUTE
    _printf_fp_hex                           0x00000000   Number         0  stubs.o ABSOLUTE
    _printf_g                                0x00000000   Number         0  stubs.o ABSOLUTE
    _printf_i                                0x00000000   Number         0  stubs.o ABSOLUTE
    _printf_int_dec                          0x00000000   Number         0  stubs.o ABSOLUTE
    _printf_l                                0x00000000   Number         0  stubs.o ABSOLUTE
    _printf_lc                               0x00000000   Number         0  stubs.o ABSOLUTE
    _printf_ll                               0x00000000   Number         0  stubs.o ABSOLUTE
    _printf_lld                              0x00000000   Number         0  stubs.o ABSOLUTE
    _printf_lli                              0x00000000   Number         0  stubs.o ABSOLUTE
    _printf_llo                              0x00000000   Number         0  stubs.o ABSOLUTE
    _printf_llu                              0x00000000   Number         0  stubs.o ABSOLUTE
    _printf_llx                              0x00000000   Number         0  stubs.o ABSOLUTE
    _printf_longlong_dec                     0x00000000   Number         0  stubs.o ABSOLUTE
    _printf_longlong_hex                     0x00000000   Number         0  stubs.o ABSOLUTE
    _printf_longlong_oct                     0x00000000   Number         0  stubs.o ABSOLUTE
    _printf_ls                               0x00000000   Number         0  stubs.o ABSOLUTE
    _printf_mbtowc                           0x00000000   Number         0  stubs.o ABSOLUTE
    _printf_n                                0x00000000   Number         0  stubs.o ABSOLUTE
    _printf_o                                0x00000000   Number         0  stubs.o ABSOLUTE
    _printf_p                                0x00000000   Number         0  stubs.o ABSOLUTE
    _printf_percent                          0x00000000   Number         0  stubs.o ABSOLUTE
    _printf_pre_padding                      0x00000000   Number         0  stubs.o ABSOLUTE
    _printf_return_value                     0x00000000   Number         0  stubs.o ABSOLUTE
    _printf_s                                0x00000000   Number         0  stubs.o ABSOLUTE
    _printf_sizespec                         0x00000000   Number         0  stubs.o ABSOLUTE
    _printf_str                              0x00000000   Number         0  stubs.o ABSOLUTE
    _printf_truncate_signed                  0x00000000   Number         0  stubs.o ABSOLUTE
    _printf_truncate_unsigned                0x00000000   Number         0  stubs.o ABSOLUTE
    _printf_u                                0x00000000   Number         0  stubs.o ABSOLUTE
    _printf_wc                               0x00000000   Number         0  stubs.o ABSOLUTE
    _printf_wctomb                           0x00000000   Number         0  stubs.o ABSOLUTE
    _printf_widthprec                        0x00000000   Number         0  stubs.o ABSOLUTE
    _printf_x                                0x00000000   Number         0  stubs.o ABSOLUTE
    _clock_init                               - Undefined Weak Reference
    __main                                   0x000000cd   Thumb Code     0  entry.o(.ARM.Collect$$$$00000000)
    _main_stk                                0x000000cd   Thumb Code     0  entry2.o(.ARM.Collect$$$$00000001)
    _main_scatterload                        0x000000d1   Thumb Code     0  entry5.o(.ARM.Collect$$$$00000004)
    __main_after_scatterload                 0x000000d5   Thumb Code     0  entry5.o(.ARM.Collect$$$$00000004)
    _main_clock                              0x000000d5   Thumb Code     0  entry7b.o(.ARM.Collect$$$$00000008)
    _main_init                               0x000000d5   Thumb Code     0  entry8.o(.ARM.Collect$$$$00000009)
    rt_set_PSP                               0x000000e1   Thumb Code     6  hal_cm3.o(.emb_text)
    rt_get_PSP                               0x000000e7   Thumb Code     6  hal_cm3.o(.emb_text)
    os_set_env                               0x000000ed   Thumb Code    24  hal_cm3.o(.emb_text)
    _alloc_box                               0x00000109   Thumb Code    28  hal_cm3.o(.emb_text)
    _free_box                                0x00000129   Thumb Code    28  hal_cm3.o(.emb_text)
    SVC_Handler                              0x00000149   Thumb Code   124  hal_cm3.o(.emb_text)
    PendSV_Handler                           0x000001d1   Thumb Code    76  hal_cm3.o(.emb_text)
    SysTick_Handler                          0x00000221   Thumb Code     8  hal_cm3.o(.emb_text)
    OS_Tick_Handler                          0x00000229   Thumb Code    12  hal_cm3.o(.emb_text)
    Reset_Handler                            0x00000235   Thumb Code     8  startup_lpc17xx.o(.text)
    NMI_Handler                              0x0000023d   Thumb Code     2  startup_lpc17xx.o(.text)
    HardFault_Handler                        0x0000023f   Thumb Code     2  startup_lpc17xx.o(.text)
    MemManage_Handler                        0x00000241   Thumb Code     2  startup_lpc17xx.o(.text)
    BusFault_Handler                         0x00000243   Thumb Code     2  startup_lpc17xx.o(.text)
    UsageFault_Handler                       0x00000245   Thumb Code     2  startup_lpc17xx.o(.text)
    DebugMon_Handler                         0x00000249   Thumb Code     2  startup_lpc17xx.o(.text)
    BOD_IRQHandler                           0x0000024f   Thumb Code     0  startup_lpc17xx.o(.text)
    CANActivity_IRQHandler                   0x0000024f   Thumb Code     0  startup_lpc17xx.o(.text)
    CAN_IRQHandler                           0x0000024f   Thumb Code     0  startup_lpc17xx.o(.text)
    DMA_IRQHandler                           0x0000024f   Thumb Code     0  startup_lpc17xx.o(.text)
    EINT0_IRQHandler                         0x0000024f   Thumb Code     0  startup_lpc17xx.o(.text)
    EINT1_IRQHandler                         0x0000024f   Thumb Code     0  startup_lpc17xx.o(.text)
    EINT2_IRQHandler                         0x0000024f   Thumb Code     0  startup_lpc17xx.o(.text)
    EINT3_IRQHandler                         0x0000024f   Thumb Code     0  startup_lpc17xx.o(.text)
    ENET_IRQHandler                          0x0000024f   Thumb Code     0  startup_lpc17xx.o(.text)
    I2C0_IRQHandler                          0x0000024f   Thumb Code     0  startup_lpc17xx.o(.text)
    I2C1_IRQHandler                          0x0000024f   Thumb Code     0  startup_lpc17xx.o(.text)
    I2C2_IRQHandler                          0x0000024f   Thumb Code     0  startup_lpc17xx.o(.text)
    I2S_IRQHandler                           0x0000024f   Thumb Code     0  startup_lpc17xx.o(.text)
    MCPWM_IRQHandler                         0x0000024f   Thumb Code     0  startup_lpc17xx.o(.text)
    PLL0_IRQHandler                          0x0000024f   Thumb Code     0  startup_lpc17xx.o(.text)
    PLL1_IRQHandler                          0x0000024f   Thumb Code     0  startup_lpc17xx.o(.text)
    PWM1_IRQHandler                          0x0000024f   Thumb Code     0  startup_lpc17xx.o(.text)
    QEI_IRQHandler                           0x0000024f   Thumb Code     0  startup_lpc17xx.o(.text)
    RIT_IRQHandler                           0x0000024f   Thumb Code     0  startup_lpc17xx.o(.text)
    RTC_IRQHandler                           0x0000024f   Thumb Code     0  startup_lpc17xx.o(.text)
    SPI_IRQHandler                           0x0000024f   Thumb Code     0  startup_lpc17xx.o(.text)
    SSP0_IRQHandler                          0x0000024f   Thumb Code     0  startup_lpc17xx.o(.text)
    SSP1_IRQHandler                          0x0000024f   Thumb Code     0  startup_lpc17xx.o(.text)
    TIMER0_IRQHandler                        0x0000024f   Thumb Code     0  startup_lpc17xx.o(.text)
    TIMER1_IRQHandler                        0x0000024f   Thumb Code     0  startup_lpc17xx.o(.text)
    TIMER2_IRQHandler                        0x0000024f   Thumb Code     0  startup_lpc17xx.o(.text)
    TIMER3_IRQHandler                        0x0000024f   Thumb Code     0  startup_lpc17xx.o(.text)
    UART0_IRQHandler                         0x0000024f   Thumb Code     0  startup_lpc17xx.o(.text)
    UART1_IRQHandler                         0x0000024f   Thumb Code     0  startup_lpc17xx.o(.text)
    UART2_IRQHandler                         0x0000024f   Thumb Code     0  startup_lpc17xx.o(.text)
    UART3_IRQHandler                         0x0000024f   Thumb Code     0  startup_lpc17xx.o(.text)
    USBActivity_IRQHandler                   0x0000024f   Thumb Code     0  startup_lpc17xx.o(.text)
    USB_IRQHandler                           0x0000024f   Thumb Code     0  startup_lpc17xx.o(.text)
    WDT_IRQHandler                           0x0000024f   Thumb Code     0  startup_lpc17xx.o(.text)
    SER_Init                                 0x00000259   Thumb Code    74  serial.o(.text)
    SER_PutChar                              0x000002a3   Thumb Code    18  serial.o(.text)
    SER_GetChar                              0x000002b5   Thumb Code    18  serial.o(.text)
    os_idle_demon                            0x000002d9   Thumb Code     4  rtx_conf_cm.o(.text)
    os_tmr_call                              0x000002dd   Thumb Code     2  rtx_conf_cm.o(.text)
    os_error                                 0x000002df   Thumb Code     4  rtx_conf_cm.o(.text)
    __aeabi_ui2d                             0x000002e3   Thumb Code    26  dfltui.o(.text)
    SystemCoreClockUpdate                    0x00000301   Thumb Code   424  system_lpc17xx.o(.text)
    __RL_RTX_VER                             0x00000460   Number         0  rt_system.o ABSOLUTE
    SystemInit                               0x000004a9   Thumb Code   290  system_lpc17xx.o(.text)
    GLCD_Init                                0x000007b1   Thumb Code  1514  glcd_spi_lpc1700.o(.text)
    GLCD_SetWindow                           0x00000d9b   Thumb Code   168  glcd_spi_lpc1700.o(.text)
    GLCD_WindowMax                           0x00000e43   Thumb Code    26  glcd_spi_lpc1700.o(.text)
    GLCD_PutPixel                            0x00000e5d   Thumb Code   118  glcd_spi_lpc1700.o(.text)
    GLCD_SetTextColor                        0x00000ed3   Thumb Code     6  glcd_spi_lpc1700.o(.text)
    GLCD_SetBackColor                        0x00000ed9   Thumb Code     6  glcd_spi_lpc1700.o(.text)
    GLCD_Clear                               0x00000edf   Thumb Code    42  glcd_spi_lpc1700.o(.text)
    GLCD_DrawChar                            0x00000f09   Thumb Code   150  glcd_spi_lpc1700.o(.text)
    GLCD_DisplayChar                         0x00000f9f   Thumb Code    84  glcd_spi_lpc1700.o(.text)
    GLCD_DisplayString                       0x00000ff3   Thumb Code    40  glcd_spi_lpc1700.o(.text)
    GLCD_ClearLn                             0x0000101b   Thumb Code    94  glcd_spi_lpc1700.o(.text)
    GLCD_Bargraph                            0x00001079   Thumb Code    98  glcd_spi_lpc1700.o(.text)
    GLCD_Bitmap                              0x000010db   Thumb Code    82  glcd_spi_lpc1700.o(.text)
    GLCD_ScrollVertical                      0x0000112d   Thumb Code     2  glcd_spi_lpc1700.o(.text)
    GLCD_WrCmd                               0x0000112f   Thumb Code    12  glcd_spi_lpc1700.o(.text)
    GLCD_WrReg                               0x0000113b   Thumb Code    16  glcd_spi_lpc1700.o(.text)
    LED_Init                                 0x000011bd   Thumb Code    38  led.o(.text)
    LED_On                                   0x000011e3   Thumb Code    40  led.o(.text)
    LED_Off                                  0x0000120b   Thumb Code    40  led.o(.text)
    LED_Out                                  0x00001233   Thumb Code    38  led.o(.text)
    JOYSTICK_init                            0x00001269   Thumb Code    26  blinky.o(.text)
    JOYSTICK_position                        0x00001283   Thumb Code    12  blinky.o(.text)
    JOYSTICK_direction                       0x0000128f   Thumb Code    14  blinky.o(.text)
    UP_dir                                   0x0000129d   Thumb Code    18  blinky.o(.text)
    DOWN_dir                                 0x000012af   Thumb Code    18  blinky.o(.text)
    LEFT_dir                                 0x000012c1   Thumb Code    18  blinky.o(.text)
    RIGHT_dir                                0x000012d3   Thumb Code    18  blinky.o(.text)
    draw_pacman_task                         0x000012e5   Thumb Code   180  blinky.o(.text)
    level_y                                  0x00001399   Thumb Code   188  blinky.o(.text)
    pacman_level_check                       0x00001455   Thumb Code  1364  blinky.o(.text)
    draw_barriers_task                       0x000019a9   Thumb Code   114  blinky.o(.text)
    draw_points_and_finish                   0x00001a1b   Thumb Code   142  blinky.o(.text)
    joystick_task                            0x00001aa9   Thumb Code   444  blinky.o(.text)
    draw_ghost1_task                         0x00001c65   Thumb Code   378  blinky.o(.text)
    draw_points_and_finish_task              0x00001ddf   Thumb Code   144  blinky.o(.text)
    draw_ghost2_task                         0x00001e6f   Thumb Code   378  blinky.o(.text)
    check_lives_task                         0x00001fe9   Thumb Code  1122  blinky.o(.text)
    button_task                              0x0000244b   Thumb Code   244  blinky.o(.text)
    base_task                                0x0000253f   Thumb Code   126  blinky.o(.text)
    main                                     0x000025bd   Thumb Code   110  blinky.o(.text)
    ADC_Init                                 0x00002689   Thumb Code   100  adc.o(.text)
    ADC_StartCnv                             0x000026ed   Thumb Code    24  adc.o(.text)
    ADC_StopCnv                              0x00002705   Thumb Code    14  adc.o(.text)
    ADC_GetCnv                               0x00002713   Thumb Code     6  adc.o(.text)
    ADC_IRQHandler                           0x00002719   Thumb Code    22  adc.o(.text)
    KBD_Init                                 0x0000274d   Thumb Code    50  kbd.o(.text)
    KBD_Get                                  0x0000277f   Thumb Code    12  kbd.o(.text)
    INT0_Get                                 0x0000278b   Thumb Code    10  kbd.o(.text)
    __aeabi_uldivmod                         0x000027a1   Thumb Code    98  uldiv.o(.text)
    __aeabi_dadd                             0x00002803   Thumb Code   322  dadd.o(.text)
    __aeabi_dsub                             0x00002945   Thumb Code     6  dadd.o(.text)
    __aeabi_drsub                            0x0000294b   Thumb Code     6  dadd.o(.text)
    __aeabi_i2d                              0x00002951   Thumb Code    34  dflti.o(.text)
    __aeabi_d2iz                             0x00002973   Thumb Code    62  dfixi.o(.text)
    __aeabi_d2uiz                            0x000029b1   Thumb Code    50  dfixui.o(.text)
    __aeabi_cdcmpeq                          0x000029e5   Thumb Code     0  cdcmple.o(.text)
    __aeabi_cdcmple                          0x000029e5   Thumb Code    38  cdcmple.o(.text)
    __aeabi_cdrcmple                         0x00002a0d   Thumb Code    38  cdrcmple.o(.text)
    __aeabi_uidiv                            0x00002a35   Thumb Code     0  uidiv.o(.text)
    __aeabi_uidivmod                         0x00002a35   Thumb Code    44  uidiv.o(.text)
    __aeabi_llsl                             0x00002a61   Thumb Code    30  llshl.o(.text)
    _ll_shift_l                              0x00002a61   Thumb Code     0  llshl.o(.text)
    __aeabi_llsr                             0x00002a7f   Thumb Code    32  llushr.o(.text)
    _ll_ushift_r                             0x00002a7f   Thumb Code     0  llushr.o(.text)
    __aeabi_lasr                             0x00002a9f   Thumb Code    36  llsshr.o(.text)
    _ll_sshift_r                             0x00002a9f   Thumb Code     0  llsshr.o(.text)
    __I$use$fp                               0x00002ac3   Thumb Code     0  iusefp.o(.text)
    _double_round                            0x00002ac3   Thumb Code    26  depilogue.o(.text)
    _double_epilogue                         0x00002add   Thumb Code   164  depilogue.o(.text)
    __scatterload                            0x00002b81   Thumb Code    28  init.o(.text)
    __scatterload_rt2                        0x00002b81   Thumb Code     0  init.o(.text)
    __decompress                             0x00002ba5   Thumb Code     0  __dclz77c.o(.text)
    __decompress2                            0x00002ba5   Thumb Code    96  __dclz77c.o(.text)
    SVC_Count                                0x00002c04   Data           4  SVC_Table.o(SVC_TABLE)
    SVC_Table                                0x00002c08   Data           0  SVC_Table.o(SVC_TABLE)
    __0sprintf$1                             0x00002c09   Thumb Code    34  printf1.o(i.__0sprintf$1)
    __1sprintf$1                             0x00002c09   Thumb Code     0  printf1.o(i.__0sprintf$1)
    __2sprintf                               0x00002c09   Thumb Code     0  printf1.o(i.__0sprintf$1)
    __scatterload_copy                       0x00002c31   Thumb Code    14  handlers.o(i.__scatterload_copy)
    __scatterload_null                       0x00002c3f   Thumb Code     2  handlers.o(i.__scatterload_null)
    __scatterload_zeroinit                   0x00002c41   Thumb Code    14  handlers.o(i.__scatterload_zeroinit)
    _init_box                                0x00002c4f   Thumb Code    70  rt_membox.o(i._init_box)
    dbg_init                                 0x00002df5   Thumb Code    34  hal_cm3.o(i.dbg_init)
    dbg_task_notify                          0x00002e25   Thumb Code    32  hal_cm3.o(i.dbg_task_notify)
    dbg_task_switch                          0x00002e45   Thumb Code    16  hal_cm3.o(i.dbg_task_switch)
    os_tick_init                             0x00002e55   Thumb Code    32  rt_system.o(i.os_tick_init)
    os_tick_irqack                           0x00002e7d   Thumb Code     2  rt_system.o(i.os_tick_irqack)
    rt_alloc_box                             0x00002e7f   Thumb Code    26  rt_membox.o(i.rt_alloc_box)
    rt_block                                 0x00002e99   Thumb Code    48  rt_task.o(i.rt_block)
    rt_chk_robin                             0x00002ed1   Thumb Code    60  rt_robin.o(i.rt_chk_robin)
    rt_dec_dly                               0x00002f19   Thumb Code   106  rt_list.o(i.rt_dec_dly)
    rt_dispatch                              0x00002f8d   Thumb Code    60  rt_task.o(i.rt_dispatch)
    rt_dly_wait                              0x00002fd1   Thumb Code     6  rt_time.o(i.rt_dly_wait)
    rt_evt_psh                               0x00002fd9   Thumb Code    72  rt_event.o(i.rt_evt_psh)
    rt_free_box                              0x00003025   Thumb Code    32  rt_membox.o(i.rt_free_box)
    rt_get_first                             0x00003045   Thumb Code    40  rt_list.o(i.rt_get_first)
    rt_init_robin                            0x000030b1   Thumb Code    14  rt_robin.o(i.rt_init_robin)
    rt_init_stack                            0x000030c9   Thumb Code    70  hal_cm3.o(i.rt_init_stack)
    rt_mbx_psh                               0x00003119   Thumb Code   188  rt_mailbox.o(i.rt_mbx_psh)
    rt_mut_init                              0x000031d9   Thumb Code    16  rt_mutex.o(i.rt_mut_init)
    rt_mut_release                           0x000031e9   Thumb Code   164  rt_mutex.o(i.rt_mut_release)
    rt_mut_wait                              0x00003295   Thumb Code    96  rt_mutex.o(i.rt_mut_wait)
    rt_pop_req                               0x000032f9   Thumb Code   106  rt_system.o(i.rt_pop_req)
    rt_put_dly                               0x00003371   Thumb Code    68  rt_list.o(i.rt_put_dly)
    rt_put_prio                              0x000033b9   Thumb Code    54  rt_list.o(i.rt_put_prio)
    rt_put_rdy_first                         0x000033f1   Thumb Code    14  rt_list.o(i.rt_put_rdy_first)
    rt_resort_prio                           0x00003405   Thumb Code    46  rt_list.o(i.rt_resort_prio)
    rt_rmv_dly                               0x00003439   Thumb Code    40  rt_list.o(i.rt_rmv_dly)
    rt_rmv_list                              0x00003461   Thumb Code    44  rt_list.o(i.rt_rmv_list)
    rt_sem_psh                               0x00003491   Thumb Code    46  rt_semaphore.o(i.rt_sem_psh)
    rt_stk_check                             0x000034c5   Thumb Code    28  rt_system.o(i.rt_stk_check)
    rt_switch_req                            0x000034e9   Thumb Code    30  rt_task.o(i.rt_switch_req)
    rt_sys_init                              0x00003511   Thumb Code   266  rt_task.o(i.rt_sys_init)
    rt_systick                               0x00003669   Thumb Code    48  rt_system.o(i.rt_systick)
    rt_time_get                              0x000036a5   Thumb Code     6  rt_time.o(i.rt_time_get)
    rt_tmr_tick                              0x000036b1   Thumb Code    56  rt_timer.o(i.rt_tmr_tick)
    rt_tsk_create                            0x000036f1   Thumb Code   126  rt_task.o(i.rt_tsk_create)
    rt_tsk_delete                            0x00003785   Thumb Code   162  rt_task.o(i.rt_tsk_delete)
    rt_tsk_prio                              0x00003841   Thumb Code   110  rt_task.o(i.rt_tsk_prio)
    Font_6x8_h                               0x000038c0   Data         896  glcd_spi_lpc1700.o(.constdata)
    Font_16x24_h                             0x00003c40   Data        5376  glcd_spi_lpc1700.o(.constdata)
    led_mask                                 0x00005140   Data          32  led.o(.constdata)
    os_maxtaskrun                            0x00005160   Data           2  rtx_conf_cm.o(.constdata)
    os_stackinfo                             0x00005164   Data           4  rtx_conf_cm.o(.constdata)
    os_rrobin                                0x00005168   Data           4  rtx_conf_cm.o(.constdata)
    os_trv                                   0x0000516c   Data           4  rtx_conf_cm.o(.constdata)
    os_flags                                 0x00005170   Data           1  rtx_conf_cm.o(.constdata)
    os_clockrate                             0x00005174   Data           4  rtx_conf_cm.o(.constdata)
    os_timernum                              0x00005178   Data           4  rtx_conf_cm.o(.constdata)
    mp_tcb_size                              0x0000517c   Data           2  rtx_conf_cm.o(.constdata)
    mp_stk_size                              0x00005180   Data           4  rtx_conf_cm.o(.constdata)
    os_fifo_size                             0x00005184   Data           1  rtx_conf_cm.o(.constdata)
    mp_tmr_size                              0x00005186   Data           2  rtx_conf_cm.o(.constdata)
    Region$$Table$$Base                      0x00005188   Number         0  anon$$obj.o(Region$$Table)
    Region$$Table$$Limit                     0x000051a8   Number         0  anon$$obj.o(Region$$Table)
    SystemCoreClock                          0x10000000   Data           4  system_lpc17xx.o(.data)
    points_bitmap                            0x10000010   Data         338  blinky.o(.data)
    finish_bitmap                            0x10000162   Data         648  blinky.o(.data)
    pacman_bitmap                            0x100003ea   Data        2376  blinky.o(.data)
    pacman_bitmap1                           0x10000d32   Data        2376  blinky.o(.data)
    ghost_bitmap                             0x1000167a   Data        2376  blinky.o(.data)
    finish_x                                 0x10001fc8   Data           8  blinky.o(.data)
    finish_y                                 0x10001fd0   Data           8  blinky.o(.data)
    coord_increment                          0x10001fd8   Data           8  blinky.o(.data)
    level_navigation_y_up                    0x10001fe0   Data           1  blinky.o(.data)
    level_navigation_y_down                  0x10001fe1   Data           1  blinky.o(.data)
    level_navigation_x_left                  0x10001fe2   Data           1  blinky.o(.data)
    level_navigation_x_right                 0x10001fe3   Data           1  blinky.o(.data)
    task_execute                             0x10001fe4   Data           1  blinky.o(.data)
    GAME_OVER                                0x10001fe5   Data           1  blinky.o(.data)
    animate                                  0x10001fe6   Data           1  blinky.o(.data)
    LIVES                                    0x10001fe7   Data           1  blinky.o(.data)
    points_earned                            0x10001fe8   Data           1  blinky.o(.data)
    time_user                                0x10001fe9   Data           1  blinky.o(.data)
    num_lives                                0x10001fea   Data           1  blinky.o(.data)
    mut_time_wait                            0x10001feb   Data           1  blinky.o(.data)
    time                                     0x10001ff0   Data           8  blinky.o(.data)
    score                                    0x10001ff8   Data           8  blinky.o(.data)
    x1                                       0x10002000   Data           8  blinky.o(.data)
    y1                                       0x10002008   Data           8  blinky.o(.data)
    g1_x                                     0x10002010   Data           8  blinky.o(.data)
    g1_y                                     0x10002018   Data           8  blinky.o(.data)
    g2_x                                     0x10002020   Data           8  blinky.o(.data)
    g2_y                                     0x10002028   Data           8  blinky.o(.data)
    x_inc                                    0x10002030   Data           8  blinky.o(.data)
    y_inc                                    0x10002038   Data           8  blinky.o(.data)
    LEVEL                                    0x10002040   Data           8  blinky.o(.data)
    taskid_ghost1                            0x10002048   Data           4  blinky.o(.data)
    taskid_ghost2                            0x1000204c   Data           4  blinky.o(.data)
    taskid_pacman_joystick                   0x10002050   Data           4  blinky.o(.data)
    taskid_draw_points                       0x10002054   Data           4  blinky.o(.data)
    taskid_draw_barriers                     0x10002058   Data           4  blinky.o(.data)
    taskid_done                              0x1000205c   Data           4  blinky.o(.data)
    taskid_check_lives                       0x10002060   Data           4  blinky.o(.data)
    taskid_timer                             0x10002064   Data           4  blinky.o(.data)
    taskid_button                            0x10002068   Data           4  blinky.o(.data)
    taskid_draw_points2                      0x1000206c   Data           4  blinky.o(.data)
    AD_done                                  0x10002070   Data           1  adc.o(.data)
    AD_last                                  0x10002072   Data           2  adc.o(.data)
    m_tmr                                    0x10002074   Data           4  rtx_conf_cm.o(.data)
    os_tsk                                   0x10002078   Data           8  rt_task.o(.data)
    os_time                                  0x10002080   Data           4  rt_time.o(.data)
    dbg_msg                                  0x10002084   Data           1  hal_cm3.o(.data)
    os_tick_irqn                             0x1000208c   Data           4  rt_system.o(.data)
    os_robin                                 0x10002090   Data           8  rt_robin.o(.data)
    os_tmr                                   0x10002098   Data           8  rt_timer.o(.data)
    erase_bitmap                             0x100020a0   Data        2448  blinky.o(.bss)
    points                                   0x10002a30   Data          32  blinky.o(.bss)
    points_y                                 0x10002a50   Data          32  blinky.o(.bss)
    mut_GLCD                                 0x10002a70   Data          12  blinky.o(.bss)
    mp_tcb                                   0x10002a80   Data        1500  rtx_conf_cm.o(.bss)
    mp_stk                                   0x10003060   Data       16400  rtx_conf_cm.o(.bss)
    os_fifo                                  0x10007070   Data         132  rtx_conf_cm.o(.bss)
    os_active_TCB                            0x100070f4   Data         124  rtx_conf_cm.o(.bss)
    os_idle_TCB                              0x10007170   Data          48  rt_task.o(.bss)
    os_rdy                                   0x100071a0   Data          24  rt_list.o(.bss)
    os_dly                                   0x100071b8   Data          24  rt_list.o(.bss)
    __initial_sp                             0x100073d0   Data           0  startup_lpc17xx.o(STACK)



==============================================================================

Memory Map of the image

  Image Entry point : 0x000000cd

  Load Region LR_IROM1 (Base: 0x00000000, Size: 0x00007248, Max: 0x00080000, ABSOLUTE, COMPRESSED[0x00005360])

    Execution Region ER_IROM1 (Base: 0x00000000, Size: 0x000051a8, Max: 0x00080000, ABSOLUTE)

    Base Addr    Size         Type   Attr      Idx    E Section Name        Object

    0x00000000   0x000000cc   Data   RO            3    RESET               startup_lpc17xx.o
    0x000000cc   0x00000000   Code   RO          874  * .ARM.Collect$$$$00000000  mc_w.l(entry.o)
    0x000000cc   0x00000004   Code   RO         1154    .ARM.Collect$$$$00000001  mc_w.l(entry2.o)
    0x000000d0   0x00000004   Code   RO         1157    .ARM.Collect$$$$00000004  mc_w.l(entry5.o)
    0x000000d4   0x00000000   Code   RO         1159    .ARM.Collect$$$$00000008  mc_w.l(entry7b.o)
    0x000000d4   0x00000008   Code   RO         1160    .ARM.Collect$$$$00000009  mc_w.l(entry8.o)
    0x000000dc   0x00000004   Code   RO         1155    .ARM.Collect$$$$00002712  mc_w.l(entry2.o)
    0x000000e0   0x00000154   Code   RO          459    .emb_text           RTX_CM3.LIB(hal_cm3.o)
    0x00000234   0x00000024   Code   RO            5    .text               startup_lpc17xx.o
    0x00000258   0x00000080   Code   RO          127    .text               serial.o
    0x000002d8   0x0000000a   Code   RO          250    .text               rtx_conf_cm.o
    0x000002e2   0x0000001a   Code   RO         1144    .text               mf_w.l(dfltui.o)
    0x000002fc   0x00000004   Code   RO            4    .ARM.__at_0x02FC    startup_lpc17xx.o
    0x00000300   0x00000318   Code   RO           15    .text               system_lpc17xx.o
    0x00000618   0x00000ba4   Code   RO           58    .text               glcd_spi_lpc1700.o
    0x000011bc   0x000000ac   Code   RO          154    .text               led.o
    0x00001268   0x00001420   Code   RO          180    .text               blinky.o
    0x00002688   0x000000c4   Code   RO          222    .text               adc.o
    0x0000274c   0x00000054   Code   RO          275    .text               kbd.o
    0x000027a0   0x00000062   Code   RO          877    .text               mc_w.l(uldiv.o)
    0x00002802   0x0000014e   Code   RO         1140    .text               mf_w.l(dadd.o)
    0x00002950   0x00000022   Code   RO         1142    .text               mf_w.l(dflti.o)
    0x00002972   0x0000003e   Code   RO         1146    .text               mf_w.l(dfixi.o)
    0x000029b0   0x00000032   Code   RO         1148    .text               mf_w.l(dfixui.o)
    0x000029e2   0x00000002   PAD
    0x000029e4   0x00000028   Code   RO         1150    .text               mf_w.l(cdcmple.o)
    0x00002a0c   0x00000028   Code   RO         1152    .text               mf_w.l(cdrcmple.o)
    0x00002a34   0x0000002c   Code   RO         1161    .text               mc_w.l(uidiv.o)
    0x00002a60   0x0000001e   Code   RO         1163    .text               mc_w.l(llshl.o)
    0x00002a7e   0x00000020   Code   RO         1165    .text               mc_w.l(llushr.o)
    0x00002a9e   0x00000024   Code   RO         1167    .text               mc_w.l(llsshr.o)
    0x00002ac2   0x00000000   Code   RO         1169    .text               mc_w.l(iusefp.o)
    0x00002ac2   0x000000be   Code   RO         1170    .text               mf_w.l(depilogue.o)
    0x00002b80   0x00000024   Code   RO         1178    .text               mc_w.l(init.o)
    0x00002ba4   0x00000060   Code   RO         1188    .text               mc_w.l(__dclz77c.o)
    0x00002c04   0x00000004   Code   RO          718    SVC_TABLE           RTX_CM3.LIB(SVC_Table.o)
    0x00002c08   0x00000028   Code   RO          926    i.__0sprintf$1      mc_w.l(printf1.o)
    0x00002c30   0x0000000e   Code   RO         1182    i.__scatterload_copy  mc_w.l(handlers.o)
    0x00002c3e   0x00000002   Code   RO         1183    i.__scatterload_null  mc_w.l(handlers.o)
    0x00002c40   0x0000000e   Code   RO         1184    i.__scatterload_zeroinit  mc_w.l(handlers.o)
    0x00002c4e   0x00000046   Code   RO          685    i._init_box         RTX_CM3.LIB(rt_membox.o)
    0x00002c94   0x00000154   Code   RO          931    i._printf_core      mc_w.l(printf1.o)
    0x00002de8   0x0000000a   Code   RO          933    i._sputc            mc_w.l(printf1.o)
    0x00002df2   0x00000002   PAD
    0x00002df4   0x00000030   Code   RO          460    i.dbg_init          RTX_CM3.LIB(hal_cm3.o)
    0x00002e24   0x00000020   Code   RO          461    i.dbg_task_notify   RTX_CM3.LIB(hal_cm3.o)
    0x00002e44   0x00000010   Code   RO          462    i.dbg_task_switch   RTX_CM3.LIB(hal_cm3.o)
    0x00002e54   0x00000028   Code   RO          501    i.os_tick_init      RTX_CM3.LIB(rt_system.o)
    0x00002e7c   0x00000002   Code   RO          502    i.os_tick_irqack    RTX_CM3.LIB(rt_system.o)
    0x00002e7e   0x0000001a   Code   RO          686    i.rt_alloc_box      RTX_CM3.LIB(rt_membox.o)
    0x00002e98   0x00000038   Code   RO          299    i.rt_block          RTX_CM3.LIB(rt_task.o)
    0x00002ed0   0x00000048   Code   RO          663    i.rt_chk_robin      RTX_CM3.LIB(rt_robin.o)
    0x00002f18   0x00000074   Code   RO          584    i.rt_dec_dly        RTX_CM3.LIB(rt_list.o)
    0x00002f8c   0x00000044   Code   RO          300    i.rt_dispatch       RTX_CM3.LIB(rt_task.o)
    0x00002fd0   0x00000006   Code   RO          398    i.rt_dly_wait       RTX_CM3.LIB(rt_time.o)
    0x00002fd6   0x00000002   PAD
    0x00002fd8   0x0000004c   Code   RO          724    i.rt_evt_psh        RTX_CM3.LIB(rt_event.o)
    0x00003024   0x00000020   Code   RO          687    i.rt_free_box       RTX_CM3.LIB(rt_membox.o)
    0x00003044   0x00000028   Code   RO          585    i.rt_get_first      RTX_CM3.LIB(rt_list.o)
    0x0000306c   0x00000044   Code   RO          301    i.rt_init_context   RTX_CM3.LIB(rt_task.o)
    0x000030b0   0x00000018   Code   RO          664    i.rt_init_robin     RTX_CM3.LIB(rt_robin.o)
    0x000030c8   0x00000050   Code   RO          463    i.rt_init_stack     RTX_CM3.LIB(hal_cm3.o)
    0x00003118   0x000000c0   Code   RO          767    i.rt_mbx_psh        RTX_CM3.LIB(rt_mailbox.o)
    0x000031d8   0x00000010   Code   RO          435    i.rt_mut_init       RTX_CM3.LIB(rt_mutex.o)
    0x000031e8   0x000000ac   Code   RO          436    i.rt_mut_release    RTX_CM3.LIB(rt_mutex.o)
    0x00003294   0x00000064   Code   RO          437    i.rt_mut_wait       RTX_CM3.LIB(rt_mutex.o)
    0x000032f8   0x00000078   Code   RO          503    i.rt_pop_req        RTX_CM3.LIB(rt_system.o)
    0x00003370   0x00000048   Code   RO          588    i.rt_put_dly        RTX_CM3.LIB(rt_list.o)
    0x000033b8   0x00000036   Code   RO          589    i.rt_put_prio       RTX_CM3.LIB(rt_list.o)
    0x000033ee   0x00000002   PAD
    0x000033f0   0x00000014   Code   RO          590    i.rt_put_rdy_first  RTX_CM3.LIB(rt_list.o)
    0x00003404   0x00000034   Code   RO          591    i.rt_resort_prio    RTX_CM3.LIB(rt_list.o)
    0x00003438   0x00000028   Code   RO          592    i.rt_rmv_dly        RTX_CM3.LIB(rt_list.o)
    0x00003460   0x00000030   Code   RO          593    i.rt_rmv_list       RTX_CM3.LIB(rt_list.o)
    0x00003490   0x00000034   Code   RO          813    i.rt_sem_psh        RTX_CM3.LIB(rt_semaphore.o)
    0x000034c4   0x00000024   Code   RO          506    i.rt_stk_check      RTX_CM3.LIB(rt_system.o)
    0x000034e8   0x00000028   Code   RO          302    i.rt_switch_req     RTX_CM3.LIB(rt_task.o)
    0x00003510   0x00000158   Code   RO          303    i.rt_sys_init       RTX_CM3.LIB(rt_task.o)
    0x00003668   0x0000003c   Code   RO          508    i.rt_systick        RTX_CM3.LIB(rt_system.o)
    0x000036a4   0x0000000c   Code   RO          401    i.rt_time_get       RTX_CM3.LIB(rt_time.o)
    0x000036b0   0x00000040   Code   RO          849    i.rt_tmr_tick       RTX_CM3.LIB(rt_timer.o)
    0x000036f0   0x00000094   Code   RO          304    i.rt_tsk_create     RTX_CM3.LIB(rt_task.o)
    0x00003784   0x000000bc   Code   RO          305    i.rt_tsk_delete     RTX_CM3.LIB(rt_task.o)
    0x00003840   0x00000080   Code   RO          307    i.rt_tsk_prio       RTX_CM3.LIB(rt_task.o)
    0x000038c0   0x00001880   Data   RO           59    .constdata          glcd_spi_lpc1700.o
    0x00005140   0x00000020   Data   RO          155    .constdata          led.o
    0x00005160   0x00000028   Data   RO          252    .constdata          rtx_conf_cm.o
    0x00005188   0x00000020   Data   RO         1180    Region$$Table       anon$$obj.o


    Execution Region RW_IRAM1 (Base: 0x10000000, Size: 0x000073d0, Max: 0x00008000, ABSOLUTE, COMPRESSED[0x000001b8])

    Base Addr    Size         Type   Attr      Idx    E Section Name        Object

    0x10000000   0x00000004   Data   RW           16    .data               system_lpc17xx.o
    0x10000004   0x00000005   Data   RW           60    .data               glcd_spi_lpc1700.o
    0x10000009   0x00000007   PAD
    0x10000010   0x00002060   Data   RW          182    .data               blinky.o
    0x10002070   0x00000004   Data   RW          223    .data               adc.o
    0x10002074   0x00000004   Data   RW          253    .data               rtx_conf_cm.o
    0x10002078   0x00000008   Data   RW          310    .data               RTX_CM3.LIB(rt_task.o)
    0x10002080   0x00000004   Data   RW          402    .data               RTX_CM3.LIB(rt_time.o)
    0x10002084   0x00000001   Data   RW          464    .data               RTX_CM3.LIB(hal_cm3.o)
    0x10002085   0x00000003   PAD
    0x10002088   0x00000008   Data   RW          511    .data               RTX_CM3.LIB(rt_system.o)
    0x10002090   0x00000008   Data   RW          665    .data               RTX_CM3.LIB(rt_robin.o)
    0x10002098   0x00000008   Data   RW          850    .data               RTX_CM3.LIB(rt_timer.o)
    0x100020a0   0x000009dc   Zero   RW          181    .bss                blinky.o
    0x10002a7c   0x00000004   PAD
    0x10002a80   0x000046f0   Zero   RW          251    .bss                rtx_conf_cm.o
    0x10007170   0x00000030   Zero   RW          309    .bss                RTX_CM3.LIB(rt_task.o)
    0x100071a0   0x00000030   Zero   RW          594    .bss                RTX_CM3.LIB(rt_list.o)
    0x100071d0   0x00000200   Zero   RW            1    STACK               startup_lpc17xx.o


==============================================================================

Image component sizes


      Code (inc. data)   RO Data    RW Data    ZI Data      Debug   Object Name

       196         30          0          4          0      25131   adc.o
      5152        844          0       8288       2524      14386   blinky.o
      2980         62       6272          5          0       8776   glcd_spi_lpc1700.o
        84         12          0          0          0        640   kbd.o
       172         16         32          0          0       1317   led.o
        10          0         40          4      18160       8544   rtx_conf_cm.o
       128         18          0          0          0      17383   serial.o
        40         12        204          0        512        876   startup_lpc17xx.o
       792         78          0          4          0       5177   system_lpc17xx.o

    ----------------------------------------------------------------------
      9554       1072       6580       8312      21200      82230   Object Totals
         0          0         32          0          0          0   (incl. Generated)
         0          0          0          7          4          0   (incl. Padding)

    ----------------------------------------------------------------------

      Code (inc. data)   RO Data    RW Data    ZI Data      Debug   Library Member Name

         4          4          0          0          0        136   SVC_Table.o
       516         56          0          1          0       2465   hal_cm3.o
        76          4          0          0          0        541   rt_event.o
       442         30          0          0         48       3794   rt_list.o
       192          4          0          0          0        605   rt_mailbox.o
       128          0          0          0          0       1489   rt_membox.o
       288         12          0          0          0       1601   rt_mutex.o
        96         22          0          8          0        962   rt_robin.o
        52          6          0          0          0        453   rt_semaphore.o
       258         42          0          8          0       2962   rt_system.o
      1040        174          0          8         48       6884   rt_task.o
        18          6          0          4          0        866   rt_time.o
        64          8          0          8          0        583   rt_timer.o
        96          0          0          0          0          0   __dclz77c.o
         0          0          0          0          0          0   entry.o
         8          4          0          0          0          0   entry2.o
         4          0          0          0          0          0   entry5.o
         0          0          0          0          0          0   entry7b.o
         8          4          0          0          0          0   entry8.o
        30          0          0          0          0          0   handlers.o
        36          8          0          0          0         68   init.o
         0          0          0          0          0          0   iusefp.o
        30          0          0          0          0         68   llshl.o
        36          0          0          0          0         68   llsshr.o
        32          0          0          0          0         68   llushr.o
       390         12          0          0          0        248   printf1.o
        44          0          0          0          0         80   uidiv.o
        98          0          0          0          0         92   uldiv.o
        40          2          0          0          0         68   cdcmple.o
        40          2          0          0          0         68   cdrcmple.o
       334          0          0          0          0        144   dadd.o
       190          0          0          0          0        176   depilogue.o
        62          0          0          0          0         80   dfixi.o
        50          0          0          0          0         76   dfixui.o
        34          0          0          0          0         76   dflti.o
        26          0          0          0          0         76   dfltui.o

    ----------------------------------------------------------------------
      4770        400          0         40         96      24797   Library Totals
         8          0          0          3          0          0   (incl. Padding)

    ----------------------------------------------------------------------

      Code (inc. data)   RO Data    RW Data    ZI Data      Debug   Library Name

      3174        368          0         37         96      23341   RTX_CM3.LIB
       812         28          0          0          0        692   mc_w.l
       776          4          0          0          0        764   mf_w.l

    ----------------------------------------------------------------------
      4770        400          0         40         96      24797   Library Totals

    ----------------------------------------------------------------------

==============================================================================


      Code (inc. data)   RO Data    RW Data    ZI Data      Debug   

     14324       1472       6580       8352      21296     103335   Grand Totals
     14324       1472       6580        440      21296     103335   ELF Image Totals (compressed)
     14324       1472       6580        440          0          0   ROM Totals

==============================================================================

    Total RO  Size (Code + RO Data)                20904 (  20.41kB)
    Total RW  Size (RW Data + ZI Data)             29648 (  28.95kB)
    Total ROM Size (Code + RO Data + RW Data)      21344 (  20.84kB)

==============================================================================

